PASS  N1 provenance: this work sits directly on 80a39ce (BLOOM-028A1 accepted)  — HEAD 5c9cf8c on agent/bloom-028b-atmosphere-transition; base 80a39ce
PASS  N2 only intended files changed (transition module, survey JS / CSS, two demos, the 21st suite, docs, 028B evidence)  — 35 files
PASS  N3 PlanetSphereView / PlanetSphereRenderer / planet-texture / vendored Three.js unchanged  — unchanged
PASS  N4 generator, validator, witness, play flow, survey data / worker, content, planets and index.html unchanged  — unchanged
PASS  N5 tools/atmosphere-transition-check.js (21st suite): presets, screen-agnostic, no WebGL, one survey renderer, departure never generates  — 14 pass / 0 fail
INFO  N provenance  — {"head":"5c9cf8c","branch":"agent/bloom-028b-atmosphere-transition","changed":["demos/atmosphere-transition.html","demos/expedition-descent.html","docs/ATMOSPHERE_TRANSITION_v1.md","docs/DESTINATION_SURVEY_v1.md","resources/atmosphere-transition/atmosphere-transition.js","resources/destination-survey/destination-survey.css","resources/destination-survey/destination-survey.js","tools/atmosphere-transition-check.js","docs/evidence/bloom-028b/01-focused-before-begin.png","docs/evidence/bloom-028b/02-early-approach.png","docs/evidence/bloom-028b/03-partial-cloud-entry.png","docs/evidence/bloom-028b/04-near-full-concealment.png","docs/evidence/bloom-028b/05-covered-hold.png","docs/evidence/bloom-028b/06-cloud-reveal.png","docs/evidence/bloom-028b/07-revealed-destination.png","docs/evidence/bloom-028b/08-reduced-motion-covered.png","docs/evidence/bloom-028b/09-standalone-subdued-peak.png","docs/evidence/bloom-028b/09b-standalone-dramatic-building.png","docs/evidence/bloom-028b/10-standalone-dramatic-covered-hold.png","docs/evidence/bloom-028b/11a-seed-variation.png","docs/evidence/bloom-028b/11b-seed-variation.png","docs/evidence/bloom-028b/11c-seed-variation.png","docs/evidence/bloom-028b/12-firefox-revealed-destination.png","docs/evidence/bloom-028b/13-firefox-standalone-covered.png","docs/evidence/bloom-028b/REPORT.md","docs/evidence/bloom-028b/colony-check-31-flake.txt","docs/evidence/bloom-028b/perf.json","docs/evidence/bloom-028b/qa-028a-rerun-nested.json","docs/evidence/bloom-028b/qa-028a1-rerun.json","docs/evidence/bloom-028b/qa-atmosphere-transition.js","docs/evidence/bloom-028b/qa-results.json","docs/evidence/bloom-028b/qa-run.log","docs/evidence/bloom-028b/qa-suites-summary.txt","docs/evidence/bloom-028b/run-all-suites.sh","docs/evidence/bloom-028b/timelines.json"]}
PASS  B0 `python3 -m http.server` from the repository root serves both demos  — http://127.0.0.1:8791/demos/atmosphere-transition.html · http://127.0.0.1:8791/demos/expedition-descent.html

— Chromium: standalone
PASS  chromium S1 DRAMATIC, immediate onCovered: concealing → covered → revealing → idle; at covered the veil is opaque (1); the swap A → B happens after covered and before the reveal; overlay removed  — covered @1360 ms, swap @1360, reveal @1544, end @2560 ms
PASS  chromium S2 frame-sampled: the incoming screen is never on screen while concealing, and every frame that has it under a covered overlay has the veil at full opacity  — 154 frames; first B frame phase=covered veil=1
PASS  chromium S3 async covered hold (2.5 s): the reveal waits for onCovered; the veil stays opaque throughout; the incoming screen appears only after the work; the clouds keep drifting (living hold, not frozen)  — hold 2536 ms; incoming first on screen 2517 ms after cover; 151 covered frames (149 before the swap), 151 distinct drift transforms
PASS  chromium S4 pixel concealment during the hold: no pixel of the screen underneath (no dark pixel, no #ff00aa marker) in a full screenshot  — {"n":1024000,"dark":0,"magenta":0,"minLum":0.735}
PASS  chromium S5 SUBDUED: a light mist (veil peak .74, partial), ~200–300 ms in total, same lifecycle and swap point  — total 245 ms (conceal 96, reveal 148); peak 0.74
PASS  chromium S6 SUBDUED with conceal: "full": opaque at covered when a consumer needs a hidden swap  — total 260 ms
PASS  chromium S7 reduced motion (forced): opacity-only veil fade with static clouds (no transform animation, no drift), still opaque at covered, same callback and cleanup  — {"n":15,"transforms":0,"drift":"none","rm":true}; total 1129 ms
PASS  chromium S7b reduced-motion SUBDUED: a plain short mist fade  — total 224 ms
PASS  chromium S8 onCovered rejects: the clouds still reveal and remove themselves, run() rejects with that same error (not swallowed), the screen underneath is unchanged  — {"name":"Error","message":"demo: covered work failed"}
PASS  chromium S9 reentrancy: a second run() on a busy instance rejects at once (AtmosphereTransitionBusy) and the active run completes normally  — {"busy":"AtmosphereTransitionBusy","firstOk":true}
PASS  chromium S10 dispose() mid-hold: overlay removed at once, run() rejects AbortError promptly, onCovered's AbortSignal aborted, keyboard capture listeners removed; a disposed instance refuses new runs  — {"busy":"AtmosphereTransitionBusy","firstOk":true,"kcDuring":3,"dispose":"AbortError","disposeMs":0,"signalAborted":true,"overlayAfterDispose":false,"kcAfter":0,"afterDispose":"AbortError","timeout":"AtmosphereTransitionTimeout","timeoutSignal":true,"overlayAfterTimeout":false,"badPreset":"TypeError"}
PASS  chromium S11 coveredTimeoutMs: a never-settling onCovered is abandoned (signal aborted), the overlay reveals and clears, run() rejects AtmosphereTransitionTimeout; an unknown preset is a TypeError  — {"timeout":"AtmosphereTransitionTimeout","badPreset":"TypeError"}
PASS  chromium S12 input blocked while the overlay is up: a click on a control underneath and Enter / Space on a focused control start nothing; the same click works after cleanup  — hit overlay true; runs 7 → 8 (during) → 9 (after)
PASS  chromium S13 repeated runs (dramatic / subdued / failure / reduced; all runs on this page): DOM node count, listeners, keyboard captures and running animations back at baseline; one shared <style>; zero WebGL contexts, zero canvases  — 17 runs; nodes 73 → 73, listeners 16 → 16, gl 0, anims 0
PASS  chromium S16 not a canned animation: two default runs get different random seeds and different cloud layouts; run({ seed }) reproduces a layout exactly (and the result reports the seed)  — {"seeds":[3665425480,2127960306,4242,4242],"counts":[13,10,11],"mirrored":[false,true,false],"differ":true,"same":true}
PASS  chromium S14 standalone page: no console errors or warnings, no uncaught errors  — []
PASS  chromium S15 system prefers-reduced-motion: reduce (no option passed) → the component takes its reduced path by itself  — total 851 ms

— Chromium: Destination Survey departure
PASS  chromium dramatic 1280×800: D1 before focus: one PlanetSphereRenderer, one WebGL context, nine views, one canvas  — {"gl":1,"live":1,"views":9,"hostViews":9,"canvases":1}
PASS  chromium dramatic 1280×800: D2 Begin cannot double-fire: a double click plus a programmatic beginExpedition() during the departure → one announcement, second call null  — hooks 1, begins 1, second null
PASS  chromium dramatic 1280×800: D3 the SAME live PlanetSphereView (same object, still on the shared renderer, not disposed) is the one visible globe in every frame from Begin to full cover  — 73 frames before cover
PASS  chromium dramatic 1280×800: D4 yaw continuity: no setYaw / lookAt / setPlanet on any view; yaw at Begin carried on — still spinning with its idle rotation, no jump; no landing alignment  — yaw 4.0592 → 4.2897 over 73 frames; max |Δ| 0.0056; spies {"setYaw":0,"lookAt":0,"setPlanet":0,"setDistance":64}
PASS  chromium dramatic 1280×800: D5 planet approach: the live globe moves to the centre and its camera dollies in (distance only ever decreases, the disc only grows) until, while still visible, the disc is wider than the screen; its box never leaves the canvas  — disc 627 → 1869 px before cover (screen 1280 px; wider than the screen first at veil 0.11); distance 3.6 → 1.6861; setDistance calls 64
PASS  chromium dramatic 1280×800: D6 planet identity: the object handed over under cover IS the selected cell's planet (===) and the hook's detail.planet; same fingerprint; the destination surface is pixel-identical to that object's own texture  — f824abaa71cf8400; surface 480×240
PASS  chromium dramatic 1280×800: D7 no generation during the departure: zero main-thread generator / validator / layout calls, zero worker messages or new workers; the prefetch pool is halted at Begin  — gen 0 [], posts 0, created 0, live 0
PASS  chromium dramatic 1280×800: D8 hidden handoff: onCovered runs only at full cover (veil 1); the survey is disposed and the destination mounted before the reveal begins  — covered → disposed +10 ms → mounted +11 ms; reveal starts +184 ms
PASS  chromium dramatic 1280×800: D9 frame-sampled: the destination is never on screen before full cover, and the survey's disposal is first seen under an opaque veil  — first destination frame: covered veil 1
PASS  chromium dramatic 1280×800: D10 reveal + cleanup: overlay gone, no animations left, destination shown and focused, the survey's DOM and every focusable control gone, its WebGL context released, no input capture left  — {"totalMs":2616,"hold":184,"listeners":"93 → 16","liveGL":0}
PASS  chromium dramatic 1280×800: D12 the transition ran the full dramatic path  — reducedMotion false; total 2616 ms (+ 560 ms approach lead)
PASS  chromium dramatic 1280×800: D13 no console errors / warnings, no new WebGL warnings, no uncaught errors  — []
PASS  chromium async hold 1.5 s: D1 before focus: one PlanetSphereRenderer, one WebGL context, nine views, one canvas  — {"gl":1,"live":1,"views":9,"hostViews":9,"canvases":1}
PASS  chromium async hold 1.5 s: D2 Begin cannot double-fire: a double click plus a programmatic beginExpedition() during the departure → one announcement, second call null  — hooks 1, begins 1, second null
PASS  chromium async hold 1.5 s: D3 the SAME live PlanetSphereView (same object, still on the shared renderer, not disposed) is the one visible globe in every frame from Begin to full cover  — 71 frames before cover
PASS  chromium async hold 1.5 s: D4 yaw continuity: no setYaw / lookAt / setPlanet on any view; yaw at Begin carried on — still spinning with its idle rotation, no jump; no landing alignment  — yaw 4.0198 → 4.2504 over 71 frames; max |Δ| 0.0056; spies {"setYaw":0,"lookAt":0,"setPlanet":0,"setDistance":71}
PASS  chromium async hold 1.5 s: D5 planet approach: the live globe moves to the centre and its camera dollies in (distance only ever decreases, the disc only grows) until, while still visible, the disc is wider than the screen; its box never leaves the canvas  — disc 627 → 1848 px before cover (screen 1280 px; wider than the screen first at veil 0.11); distance 3.6 → 1.6985; setDistance calls 71
PASS  chromium async hold 1.5 s: D6 planet identity: the object handed over under cover IS the selected cell's planet (===) and the hook's detail.planet; same fingerprint; the destination surface is pixel-identical to that object's own texture  — f824abaa71cf8400; surface 480×240
PASS  chromium async hold 1.5 s: D7 no generation during the departure: zero main-thread generator / validator / layout calls, zero worker messages or new workers; the prefetch pool is halted at Begin  — gen 0 [], posts 0, created 0, live 0
PASS  chromium async hold 1.5 s: D8 hidden handoff: onCovered runs only at full cover (veil 1); the survey is disposed and the destination mounted before the reveal begins  — covered → disposed +1529 ms → mounted +1531 ms; reveal starts +1547 ms
PASS  chromium async hold 1.5 s: D9 frame-sampled: the destination is never on screen before full cover, and the survey's disposal is first seen under an opaque veil  — first destination frame: covered veil 1
PASS  chromium async hold 1.5 s: D9b pixel concealment during the covered hold: no dark pixel of the survey or the destination anywhere on screen  — {"n":1024000,"dark":0,"magenta":0,"minLum":0.712}
PASS  chromium async hold 1.5 s: D10 reveal + cleanup: overlay gone, no animations left, destination shown and focused, the survey's DOM and every focusable control gone, its WebGL context released, no input capture left  — {"totalMs":3972,"hold":1547,"listeners":"93 → 16","liveGL":0}
PASS  chromium async hold 1.5 s: D11 async hold (1500 ms of covered work): concealment held the whole time, the reveal waited  — hold 1547 ms, 47 covered frames
PASS  chromium async hold 1.5 s: D12 the transition ran the full dramatic path  — reducedMotion false; total 3972 ms (+ 560 ms approach lead)
PASS  chromium async hold 1.5 s: D13 no console errors / warnings, no new WebGL warnings, no uncaught errors  — []
PASS  chromium D19 each departure draws a fresh cloud layout (two expeditions, two different seeds)  — 1200107659 vs 1708904482
PASS  chromium reduced motion: D1 before focus: one PlanetSphereRenderer, one WebGL context, nine views, one canvas  — {"gl":1,"live":1,"views":9,"hostViews":9,"canvases":1}
PASS  chromium reduced motion: D2 Begin cannot double-fire: a double click plus a programmatic beginExpedition() during the departure → one announcement, second call null  — hooks 1, begins 1, second null
PASS  chromium reduced motion: D3 the SAME live PlanetSphereView (same object, still on the shared renderer, not disposed) is the one visible globe in every frame from Begin to full cover  — 20 frames before cover
PASS  chromium reduced motion: D4 yaw continuity: no setYaw / lookAt / setPlanet on any view; yaw at Begin carried on (reduced motion: the view does not spin, and nothing turns it); no landing alignment  — yaw 3.1500 → 3.1500 over 20 frames; max |Δ| 0.0000; spies {"setYaw":0,"lookAt":0,"setPlanet":0,"setDistance":0}
PASS  chromium reduced motion: D5 reduced motion: no planet approach (no box change, no camera dolly); only fades  — box 684 px
PASS  chromium reduced motion: D6 planet identity: the object handed over under cover IS the selected cell's planet (===) and the hook's detail.planet; same fingerprint; the destination surface is pixel-identical to that object's own texture  — f824abaa71cf8400; surface 480×240
PASS  chromium reduced motion: D7 no generation during the departure: zero main-thread generator / validator / layout calls, zero worker messages or new workers; the prefetch pool is halted at Begin  — gen 0 [], posts 0, created 0, live 0
PASS  chromium reduced motion: D8 hidden handoff: onCovered runs only at full cover (veil 1); the survey is disposed and the destination mounted before the reveal begins  — covered → disposed +1209 ms → mounted +1211 ms; reveal starts +1233 ms
PASS  chromium reduced motion: D9 frame-sampled: the destination is never on screen before full cover, and the survey's disposal is first seen under an opaque veil  — first destination frame: covered veil 1
PASS  chromium reduced motion: D9b pixel concealment during the covered hold: no dark pixel of the survey or the destination anywhere on screen  — {"n":1024000,"dark":0,"magenta":0,"minLum":0.741}
PASS  chromium reduced motion: D10 reveal + cleanup: overlay gone, no animations left, destination shown and focused, the survey's DOM and every focusable control gone, its WebGL context released, no input capture left  — {"totalMs":1946,"hold":1233,"listeners":"93 → 16","liveGL":0}
PASS  chromium reduced motion: D11 async hold (1200 ms of covered work): concealment held the whole time, the reveal waited  — hold 1233 ms, 75 covered frames
PASS  chromium reduced motion: D12 the transition ran its reduced-motion path  — reducedMotion true; total 1946 ms (+ 0 ms approach lead)
PASS  chromium reduced motion: D13 no console errors / warnings, no new WebGL warnings, no uncaught errors  — []
PASS  chromium dramatic 1024×768: D1 before focus: one PlanetSphereRenderer, one WebGL context, nine views, one canvas  — {"gl":1,"live":1,"views":9,"hostViews":9,"canvases":1}
PASS  chromium dramatic 1024×768: D2 Begin cannot double-fire: a double click plus a programmatic beginExpedition() during the departure → one announcement, second call null  — hooks 1, begins 1, second null
PASS  chromium dramatic 1024×768: D3 the SAME live PlanetSphereView (same object, still on the shared renderer, not disposed) is the one visible globe in every frame from Begin to full cover  — 83 frames before cover
PASS  chromium dramatic 1024×768: D4 yaw continuity: no setYaw / lookAt / setPlanet on any view; yaw at Begin carried on — still spinning with its idle rotation, no jump; no landing alignment  — yaw 4.0098 → 4.2367 over 83 frames; max |Δ| 0.0036; spies {"setYaw":0,"lookAt":0,"setPlanet":0,"setDistance":74}
PASS  chromium dramatic 1024×768: D5 planet approach: the live globe moves to the centre and its camera dollies in (distance only ever decreases, the disc only grows) until, while still visible, the disc is wider than the screen; its box never leaves the canvas  — disc 507 → 1828 px before cover (screen 1024 px; wider than the screen first at veil 0.02); distance 3.6 → 1.6662; setDistance calls 74
PASS  chromium dramatic 1024×768: D6 planet identity: the object handed over under cover IS the selected cell's planet (===) and the hook's detail.planet; same fingerprint; the destination surface is pixel-identical to that object's own texture  — f824abaa71cf8400; surface 480×240
PASS  chromium dramatic 1024×768: D7 no generation during the departure: zero main-thread generator / validator / layout calls, zero worker messages or new workers; the prefetch pool is halted at Begin  — gen 0 [], posts 0, created 0, live 0
PASS  chromium dramatic 1024×768: D8 hidden handoff: onCovered runs only at full cover (veil 1); the survey is disposed and the destination mounted before the reveal begins  — covered → disposed +8 ms → mounted +10 ms; reveal starts +180 ms
PASS  chromium dramatic 1024×768: D9 frame-sampled: the destination is never on screen before full cover, and the survey's disposal is first seen under an opaque veil  — first destination frame: covered veil 1
PASS  chromium dramatic 1024×768: D10 reveal + cleanup: overlay gone, no animations left, destination shown and focused, the survey's DOM and every focusable control gone, its WebGL context released, no input capture left  — {"totalMs":2594,"hold":180,"listeners":"93 → 16","liveGL":0}
PASS  chromium dramatic 1024×768: D12 the transition ran the full dramatic path  — reducedMotion false; total 2594 ms (+ 560 ms approach lead)
PASS  chromium dramatic 1024×768: D13 no console errors / warnings, no new WebGL warnings, no uncaught errors  — []
PASS  chromium D17 system prefers-reduced-motion (no survey option): the survey's departure and the transition both take their reduced paths  — total 862 ms
PASS  chromium failure: D14 onCovered fails: the survey is restored UNDER cover (focus state, dossier back, same view), the clouds reveal it and clear, the caller's onError gets the error  — {"res":{"error":"dev: covered work failed (fail=1)"},"state":"focus"}
PASS  chromium failure: D15 after the failure the screen is fully usable: focus back on the dossier, the globe still turning, Return to survey works, prefetching resumed  — {"focusOnTitle":true,"yawA":4.427513847438005,"yawB":4.491715928374545,"ret":true,"stateAfterReturn":"survey","prefetch":true}
PASS  chromium failure: D16 the failure path never touched the planet
PASS  chromium dramatic 1440×900: D1 before focus: one PlanetSphereRenderer, one WebGL context, nine views, one canvas  — {"gl":1,"live":1,"views":9,"hostViews":9,"canvases":1}
PASS  chromium dramatic 1440×900: D2 Begin cannot double-fire: a double click plus a programmatic beginExpedition() during the departure → one announcement, second call null  — hooks 1, begins 1, second null
PASS  chromium dramatic 1440×900: D3 the SAME live PlanetSphereView (same object, still on the shared renderer, not disposed) is the one visible globe in every frame from Begin to full cover  — 59 frames before cover
PASS  chromium dramatic 1440×900: D4 yaw continuity: no setYaw / lookAt / setPlanet on any view; yaw at Begin carried on — still spinning with its idle rotation, no jump; no landing alignment  — yaw 4.2184 → 4.4508 over 59 frames; max |Δ| 0.0056; spies {"setYaw":0,"lookAt":0,"setPlanet":0,"setDistance":50}
PASS  chromium dramatic 1440×900: D5 planet approach: the live globe moves to the centre and its camera dollies in (distance only ever decreases, the disc only grows) until, while still visible, the disc is wider than the screen; its box never leaves the canvas  — disc 697 → 2098 px before cover (screen 1440 px; wider than the screen first at veil 0.10); distance 3.6 → 1.6886; setDistance calls 50
PASS  chromium dramatic 1440×900: D6 planet identity: the object handed over under cover IS the selected cell's planet (===) and the hook's detail.planet; same fingerprint; the destination surface is pixel-identical to that object's own texture  — f824abaa71cf8400; surface 480×240
PASS  chromium dramatic 1440×900: D7 no generation during the departure: zero main-thread generator / validator / layout calls, zero worker messages or new workers; the prefetch pool is halted at Begin  — gen 0 [], posts 0, created 0, live 0
PASS  chromium dramatic 1440×900: D8 hidden handoff: onCovered runs only at full cover (veil 1); the survey is disposed and the destination mounted before the reveal begins  — covered → disposed +13 ms → mounted +15 ms; reveal starts +180 ms
PASS  chromium dramatic 1440×900: D9 frame-sampled: the destination is never on screen before full cover, and the survey's disposal is first seen under an opaque veil  — first destination frame: covered veil 1
PASS  chromium dramatic 1440×900: D10 reveal + cleanup: overlay gone, no animations left, destination shown and focused, the survey's DOM and every focusable control gone, its WebGL context released, no input capture left  — {"totalMs":2600,"hold":180,"listeners":"93 → 16","liveGL":0}
PASS  chromium dramatic 1440×900: D12 the transition ran the full dramatic path  — reducedMotion false; total 2600 ms (+ 560 ms approach lead)
PASS  chromium dramatic 1440×900: D13 no console errors / warnings, no new WebGL warnings, no uncaught errors  — []
PASS  chromium D18 the live globe's box never extends beyond the stage / canvas (so the WebGL viewport stays inside the drawing buffer); the approach is a camera dolly to the view's own closest distance  — 59 frames; {"dollyFrom":3.6,"dollyTo":1.45,"sizeRatio":3.294}

— evidence shots

— Firefox: standalone
PASS  firefox S1 DRAMATIC, immediate onCovered: concealing → covered → revealing → idle; at covered the veil is opaque (1); the swap A → B happens after covered and before the reveal; overlay removed  — covered @1394 ms, swap @1394, reveal @1588, end @2593 ms
PASS  firefox S2 frame-sampled: the incoming screen is never on screen while concealing, and every frame that has it under a covered overlay has the veil at full opacity  — 91 frames; first B frame phase=covered veil=1
PASS  firefox S3 async covered hold (2.5 s): the reveal waits for onCovered; the veil stays opaque throughout; the incoming screen appears only after the work; the clouds keep drifting (living hold, not frozen)  — hold 2524 ms; incoming first on screen 2517 ms after cover; 118 covered frames (116 before the swap), 118 distinct drift transforms
PASS  firefox S4 pixel concealment during the hold: no pixel of the screen underneath (no dark pixel, no #ff00aa marker) in a full screenshot  — {"n":1024000,"dark":0,"magenta":0,"minLum":0.733}
PASS  firefox S5 SUBDUED: a light mist (veil peak .74, partial), ~200–300 ms in total, same lifecycle and swap point  — total 251 ms (conceal 99, reveal 150); peak 0.74
PASS  firefox S6 SUBDUED with conceal: "full": opaque at covered when a consumer needs a hidden swap  — total 263 ms
PASS  firefox S7 reduced motion (forced): opacity-only veil fade with static clouds (no transform animation, no drift), still opaque at covered, same callback and cleanup  — {"n":14,"transforms":0,"drift":"none","rm":true}; total 1143 ms
PASS  firefox S7b reduced-motion SUBDUED: a plain short mist fade  — total 227 ms
PASS  firefox S8 onCovered rejects: the clouds still reveal and remove themselves, run() rejects with that same error (not swallowed), the screen underneath is unchanged  — {"name":"Error","message":"demo: covered work failed"}
PASS  firefox S9 reentrancy: a second run() on a busy instance rejects at once (AtmosphereTransitionBusy) and the active run completes normally  — {"busy":"AtmosphereTransitionBusy","firstOk":true}
PASS  firefox S10 dispose() mid-hold: overlay removed at once, run() rejects AbortError promptly, onCovered's AbortSignal aborted, keyboard capture listeners removed; a disposed instance refuses new runs  — {"busy":"AtmosphereTransitionBusy","firstOk":true,"kcDuring":3,"dispose":"AbortError","disposeMs":1,"signalAborted":true,"overlayAfterDispose":false,"kcAfter":0,"afterDispose":"AbortError","timeout":"AtmosphereTransitionTimeout","timeoutSignal":true,"overlayAfterTimeout":false,"badPreset":"TypeError"}
PASS  firefox S11 coveredTimeoutMs: a never-settling onCovered is abandoned (signal aborted), the overlay reveals and clears, run() rejects AtmosphereTransitionTimeout; an unknown preset is a TypeError  — {"timeout":"AtmosphereTransitionTimeout","badPreset":"TypeError"}
PASS  firefox S12 input blocked while the overlay is up: a click on a control underneath and Enter / Space on a focused control start nothing; the same click works after cleanup  — hit overlay true; runs 7 → 8 (during) → 9 (after)
PASS  firefox S13 repeated runs (dramatic / subdued / failure / reduced; all runs on this page): DOM node count, listeners, keyboard captures and running animations back at baseline; one shared <style>; zero WebGL contexts, zero canvases  — 17 runs; nodes 73 → 73, listeners 16 → 16, gl 0, anims 0
PASS  firefox S16 not a canned animation: two default runs get different random seeds and different cloud layouts; run({ seed }) reproduces a layout exactly (and the result reports the seed)  — {"seeds":[1217165812,2340311241,4242,4242],"counts":[11,11,11],"mirrored":[false,true,false],"differ":true,"same":true}
PASS  firefox S14 standalone page: no console errors or warnings, no uncaught errors  — []

— Firefox: Destination Survey departure
PASS  firefox F0 control: the accepted 028A page's own survey.dispose() (PlanetSphereRenderer.dispose → forceContextLoss, unmodified) already logs "WebGL context was lost." in Firefox — pre-existing, not new  — lost 1; other warnings []
PASS  firefox dramatic: D1 before focus: one PlanetSphereRenderer, one WebGL context, nine views, one canvas  — {"gl":1,"live":1,"views":9,"hostViews":9,"canvases":1}
PASS  firefox dramatic: D2 Begin cannot double-fire: a double click plus a programmatic beginExpedition() during the departure → one announcement, second call null  — hooks 1, begins 1, second null
PASS  firefox dramatic: D3 the SAME live PlanetSphereView (same object, still on the shared renderer, not disposed) is the one visible globe in every frame from Begin to full cover  — 115 frames before cover
PASS  firefox dramatic: D4 yaw continuity: no setYaw / lookAt / setPlanet on any view; yaw at Begin carried on — still spinning with its idle rotation, no jump; no landing alignment  — yaw 4.1187 → 4.3249 over 115 frames; max |Δ| 0.0058; spies {"setYaw":0,"lookAt":0,"setPlanet":0,"setDistance":112}
PASS  firefox dramatic: D5 planet approach: the live globe moves to the centre and its camera dollies in (distance only ever decreases, the disc only grows) until, while still visible, the disc is wider than the screen; its box never leaves the canvas  — disc 627 → 1833 px before cover (screen 1280 px; wider than the screen first at veil 0.11); distance 3.6 → 1.7078; setDistance calls 112
PASS  firefox dramatic: D6 planet identity: the object handed over under cover IS the selected cell's planet (===) and the hook's detail.planet; same fingerprint; the destination surface is pixel-identical to that object's own texture  — f824abaa71cf8400; surface 480×240
PASS  firefox dramatic: D7 no generation during the departure: zero main-thread generator / validator / layout calls, zero worker messages or new workers; the prefetch pool is halted at Begin  — gen 0 [], posts 0, created 0, live 0
PASS  firefox dramatic: D8 hidden handoff: onCovered runs only at full cover (veil 1); the survey is disposed and the destination mounted before the reveal begins  — covered → disposed +2 ms → mounted +4 ms; reveal starts +183 ms
PASS  firefox dramatic: D9 frame-sampled: the destination is never on screen before full cover, and the survey's disposal is first seen under an opaque veil  — first destination frame: covered veil 1
PASS  firefox dramatic: D10 reveal + cleanup: overlay gone, no animations left, destination shown and focused, the survey's DOM and every focusable control gone, its WebGL context released, no input capture left  — {"totalMs":2581,"hold":183,"listeners":"93 → 16","liveGL":0}
PASS  firefox dramatic: D12 the transition ran the full dramatic path  — reducedMotion false; total 2581 ms (+ 560 ms approach lead)
PASS  firefox dramatic: D13 no console errors / warnings, no new WebGL warnings, no uncaught errors (Firefox's "WebGL context was lost." on the survey's dispose is the unmodified renderer's own message, proven pre-existing by F0)  — []
PASS  firefox async hold 1.5 s: D1 before focus: one PlanetSphereRenderer, one WebGL context, nine views, one canvas  — {"gl":1,"live":1,"views":9,"hostViews":9,"canvases":1}
PASS  firefox async hold 1.5 s: D2 Begin cannot double-fire: a double click plus a programmatic beginExpedition() during the departure → one announcement, second call null  — hooks 1, begins 1, second null
PASS  firefox async hold 1.5 s: D3 the SAME live PlanetSphereView (same object, still on the shared renderer, not disposed) is the one visible globe in every frame from Begin to full cover  — 95 frames before cover
PASS  firefox async hold 1.5 s: D4 yaw continuity: no setYaw / lookAt / setPlanet on any view; yaw at Begin carried on — still spinning with its idle rotation, no jump; no landing alignment  — yaw 4.1178 → 4.3210 over 95 frames; max |Δ| 0.0057; spies {"setYaw":0,"lookAt":0,"setPlanet":0,"setDistance":103}
PASS  firefox async hold 1.5 s: D5 planet approach: the live globe moves to the centre and its camera dollies in (distance only ever decreases, the disc only grows) until, while still visible, the disc is wider than the screen; its box never leaves the canvas  — disc 627 → 1781 px before cover (screen 1280 px; wider than the screen first at veil 0.13); distance 3.6 → 1.7406; setDistance calls 103
PASS  firefox async hold 1.5 s: D6 planet identity: the object handed over under cover IS the selected cell's planet (===) and the hook's detail.planet; same fingerprint; the destination surface is pixel-identical to that object's own texture  — f824abaa71cf8400; surface 480×240
PASS  firefox async hold 1.5 s: D7 no generation during the departure: zero main-thread generator / validator / layout calls, zero worker messages or new workers; the prefetch pool is halted at Begin  — gen 0 [], posts 0, created 0, live 0
PASS  firefox async hold 1.5 s: D8 hidden handoff: onCovered runs only at full cover (veil 1); the survey is disposed and the destination mounted before the reveal begins  — covered → disposed +1503 ms → mounted +1506 ms; reveal starts +1567 ms
PASS  firefox async hold 1.5 s: D9 frame-sampled: the destination is never on screen before full cover, and the survey's disposal is first seen under an opaque veil  — first destination frame: covered veil 1
PASS  firefox async hold 1.5 s: D9b pixel concealment during the covered hold: no dark pixel of the survey or the destination anywhere on screen  — {"n":1024000,"dark":0,"magenta":0,"minLum":0.741}
PASS  firefox async hold 1.5 s: D10 reveal + cleanup: overlay gone, no animations left, destination shown and focused, the survey's DOM and every focusable control gone, its WebGL context released, no input capture left  — {"totalMs":3953,"hold":1567,"listeners":"93 → 16","liveGL":0}
PASS  firefox async hold 1.5 s: D11 async hold (1500 ms of covered work): concealment held the whole time, the reveal waited  — hold 1567 ms, 55 covered frames
PASS  firefox async hold 1.5 s: D12 the transition ran the full dramatic path  — reducedMotion false; total 3953 ms (+ 560 ms approach lead)
PASS  firefox async hold 1.5 s: D13 no console errors / warnings, no new WebGL warnings, no uncaught errors (Firefox's "WebGL context was lost." on the survey's dispose is the unmodified renderer's own message, proven pre-existing by F0)  — []
PASS  firefox reduced motion: D1 before focus: one PlanetSphereRenderer, one WebGL context, nine views, one canvas  — {"gl":1,"live":1,"views":9,"hostViews":9,"canvases":1}
PASS  firefox reduced motion: D2 Begin cannot double-fire: a double click plus a programmatic beginExpedition() during the departure → one announcement, second call null  — hooks 1, begins 1, second null
PASS  firefox reduced motion: D3 the SAME live PlanetSphereView (same object, still on the shared renderer, not disposed) is the one visible globe in every frame from Begin to full cover  — 19 frames before cover
PASS  firefox reduced motion: D4 yaw continuity: no setYaw / lookAt / setPlanet on any view; yaw at Begin carried on (reduced motion: the view does not spin, and nothing turns it); no landing alignment  — yaw 3.1500 → 3.1500 over 19 frames; max |Δ| 0.0000; spies {"setYaw":0,"lookAt":0,"setPlanet":0,"setDistance":0}
PASS  firefox reduced motion: D5 reduced motion: no planet approach (no box change, no camera dolly); only fades  — box 684 px
PASS  firefox reduced motion: D6 planet identity: the object handed over under cover IS the selected cell's planet (===) and the hook's detail.planet; same fingerprint; the destination surface is pixel-identical to that object's own texture  — f824abaa71cf8400; surface 480×240
PASS  firefox reduced motion: D7 no generation during the departure: zero main-thread generator / validator / layout calls, zero worker messages or new workers; the prefetch pool is halted at Begin  — gen 0 [], posts 0, created 0, live 0
PASS  firefox reduced motion: D8 hidden handoff: onCovered runs only at full cover (veil 1); the survey is disposed and the destination mounted before the reveal begins  — covered → disposed +2 ms → mounted +5 ms; reveal starts +143 ms
PASS  firefox reduced motion: D9 frame-sampled: the destination is never on screen before full cover, and the survey's disposal is first seen under an opaque veil  — first destination frame: covered veil 1
PASS  firefox reduced motion: D10 reveal + cleanup: overlay gone, no animations left, destination shown and focused, the survey's DOM and every focusable control gone, its WebGL context released, no input capture left  — {"totalMs":864,"hold":143,"listeners":"93 → 16","liveGL":0}
PASS  firefox reduced motion: D12 the transition ran its reduced-motion path  — reducedMotion true; total 864 ms (+ 0 ms approach lead)
PASS  firefox reduced motion: D13 no console errors / warnings, no new WebGL warnings, no uncaught errors (Firefox's "WebGL context was lost." on the survey's dispose is the unmodified renderer's own message, proven pre-existing by F0)  — []
PASS  firefox failure: D14 onCovered fails: the survey is restored UNDER cover (focus state, dossier back, same view), the clouds reveal it and clear, the caller's onError gets the error  — {"res":{"error":"dev: covered work failed (fail=1)"},"state":"focus"}
PASS  firefox failure: D15 after the failure the screen is fully usable: focus back on the dossier, the globe still turning, Return to survey works, prefetching resumed  — {"focusOnTitle":true,"yawA":4.492346335003511,"yawB":4.560408633001894,"ret":true,"stateAfterReturn":"survey","prefetch":true}
PASS  firefox failure: D16 the failure path never touched the planet
INFO  WebKit (Safari engine)  — not available on this machine: browserType.launch: Executable doesn't exist at /Users/MrDashiki/Library/Caches/ms-playwright/webkit-2272/pw_run.sh
INFO  GPU departure frames (real GPU, ANGLE/Metal)  — {"before Begin":{"n":1,"mean":16.7,"p95":16.7,"max":16.7,"over50":0},"approach":{"n":34,"mean":16.7,"p95":16.7,"max":16.7,"over50":0},"concealing":{"n":84,"mean":16.7,"p95":16.8,"max":16.8,"over50":0},"covered":{"n":12,"mean":16.7,"p95":16.7,"max":16.7,"over50":0},"revealing":{"n":60,"mean":16.7,"p95":16.8,"max":16.8,"over50":0},"after":{"n":1,"mean":16.7,"p95":16.7,"max":16.7,"over50":0}}
INFO  GPU standalone dramatic frames  — {"concealing":{"n":82,"mean":16.7,"p95":16.8,"max":16.8,"over50":0},"covered":{"n":63,"mean":16.7,"p95":16.8,"max":16.8,"over50":0},"revealing":{"n":60,"mean":16.7,"p95":16.7,"max":16.8,"over50":0},"none":{"n":1,"mean":16.7,"p95":16.7,"max":16.7,"over50":0}}
INFO  GPU standalone subdued  — {"totalMs":242}
INFO  perf chromium dramatic immediate frames  — {"concealing":{"n":80,"mean":16.7,"p95":16.7,"max":16.8,"over50":0},"covered":{"n":12,"mean":16.7,"p95":16.8,"max":16.8,"over50":0},"revealing":{"n":60,"mean":16.7,"p95":16.7,"max":16.8,"over50":0},"none":{"n":1,"mean":16.7,"p95":16.7,"max":16.7,"over50":0}}
INFO  perf chromium dramatic long tasks  — 0
INFO  perf chromium dramatic overlay nodes  — 92
INFO  perf chromium dramatic covered-hold frames  — {"n":150,"mean":16.9,"p95":16.8,"max":33.4,"over50":0}
INFO  perf chromium subdued total ms  — 245
INFO  perf chromium subdued overlay nodes  — 29
INFO  perf chromium dramatic 1280×800 frames  — {"before Begin":{"n":8,"mean":27.1,"p95":33.4,"max":33.4,"over50":0},"approach":{"n":21,"mean":27,"p95":33.4,"max":33.4,"over50":0},"concealing":{"n":43,"mean":32.6,"p95":33.4,"max":50,"over50":0},"covered":{"n":12,"mean":19.4,"p95":50,"max":50,"over50":0},"revealing":{"n":60,"mean":16.7,"p95":16.8,"max":16.8,"over50":0},"after":{"n":1,"mean":16.8,"p95":16.8,"max":16.8,"over50":0}}
INFO  perf chromium dramatic 1280×800 long tasks  — []
INFO  perf chromium async hold 1.5 s frames  — {"before Begin":{"n":8,"mean":25,"p95":33.4,"max":33.4,"over50":0},"approach":{"n":20,"mean":29.2,"p95":33.4,"max":33.4,"over50":0},"concealing":{"n":42,"mean":32.9,"p95":33.4,"max":50,"over50":0},"covered":{"n":47,"mean":33.7,"p95":50,"max":50.1,"over50":1},"revealing":{"n":61,"mean":16.7,"p95":16.7,"max":16.8,"over50":0},"after":{"n":1,"mean":16.7,"p95":16.7,"max":16.7,"over50":0}}
INFO  perf chromium async hold 1.5 s long tasks  — []
INFO  perf chromium reduced motion frames  — {"before Begin":{"n":1,"mean":16.7,"p95":16.7,"max":16.7,"over50":0},"concealing":{"n":18,"mean":17.6,"p95":33.3,"max":33.3,"over50":0},"covered":{"n":75,"mean":16.7,"p95":16.7,"max":16.8,"over50":0},"revealing":{"n":22,"mean":16.7,"p95":16.7,"max":16.8,"over50":0},"after":{"n":1,"mean":16.6,"p95":16.6,"max":16.6,"over50":0}}
INFO  perf chromium reduced motion long tasks  — []
INFO  perf chromium dramatic 1024×768 frames  — {"before Begin":{"n":8,"mean":20.8,"p95":33.3,"max":33.3,"over50":0},"approach":{"n":24,"mean":25,"p95":33.4,"max":33.4,"over50":0},"concealing":{"n":50,"mean":27.7,"p95":33.4,"max":33.4,"over50":0},"covered":{"n":12,"mean":18.1,"p95":33.4,"max":33.4,"over50":0},"revealing":{"n":60,"mean":16.7,"p95":16.7,"max":16.8,"over50":0},"after":{"n":1,"mean":16.6,"p95":16.6,"max":16.6,"over50":0}}
INFO  perf chromium dramatic 1024×768 long tasks  — []
INFO  perf chromium dramatic 1440×900 frames  — {"before Begin":{"n":8,"mean":31.3,"p95":33.5,"max":33.5,"over50":0},"approach":{"n":17,"mean":34.3,"p95":50,"max":50,"over50":0},"concealing":{"n":33,"mean":42.4,"p95":66.7,"max":66.8,"over50":5},"covered":{"n":11,"mean":21.2,"p95":50,"max":50,"over50":0},"revealing":{"n":60,"mean":16.7,"p95":16.8,"max":16.8,"over50":0},"after":{"n":1,"mean":16.7,"p95":16.7,"max":16.7,"over50":0}}
INFO  perf chromium dramatic 1440×900 long tasks  — []
INFO  perf firefox dramatic immediate frames  — {"concealing":{"n":52,"mean":26,"p95":66.7,"max":67.1,"over50":3},"covered":{"n":9,"mean":24.1,"p95":33.3,"max":33.3,"over50":0},"revealing":{"n":28,"mean":35.7,"p95":83.3,"max":83.4,"over50":5},"none":{"n":1,"mean":16.7,"p95":16.7,"max":16.7,"over50":0}}
INFO  perf firefox dramatic long tasks  — []
INFO  perf firefox dramatic overlay nodes  — 97
INFO  perf firefox dramatic covered-hold frames  — {"n":117,"mean":21.7,"p95":33.3,"max":50,"over50":0}
INFO  perf firefox subdued total ms  — 251
INFO  perf firefox subdued overlay nodes  — 29
INFO  perf firefox dramatic frames  — {"before Begin":{"n":2,"mean":16.7,"p95":16.7,"max":16.7,"over50":0},"approach":{"n":35,"mean":16.2,"p95":16.7,"max":16.8,"over50":0},"concealing":{"n":77,"mean":17.6,"p95":17.5,"max":50,"over50":0},"covered":{"n":11,"mean":19.8,"p95":33.8,"max":33.8,"over50":0},"revealing":{"n":47,"mean":21.3,"p95":49.9,"max":50,"over50":0},"after":{"n":1,"mean":16.7,"p95":16.7,"max":16.7,"over50":0}}
INFO  perf firefox async hold 1.5 s frames  — {"before Begin":{"n":2,"mean":16.7,"p95":16.7,"max":16.7,"over50":0},"approach":{"n":34,"mean":16.2,"p95":16.7,"max":17.6,"over50":0},"concealing":{"n":58,"mean":23,"p95":50,"max":50,"over50":0},"covered":{"n":55,"mean":29.4,"p95":66,"max":66.7,"over50":4},"revealing":{"n":32,"mean":31.3,"p95":66.7,"max":83.3,"over50":3},"after":{"n":1,"mean":17.4,"p95":17.4,"max":17.4,"over50":0}}
INFO  perf firefox async hold 1.5 s long tasks  — []
INFO  perf firefox reduced motion frames  — {"before Begin":{"n":2,"mean":16.5,"p95":17.1,"max":17.1,"over50":0},"concealing":{"n":16,"mean":19.8,"p95":50,"max":50,"over50":0},"covered":{"n":10,"mean":16.7,"p95":17.3,"max":17.3,"over50":0},"revealing":{"n":18,"mean":20.4,"p95":50.7,"max":50.7,"over50":1},"after":{"n":1,"mean":16.7,"p95":16.7,"max":16.7,"over50":0}}
INFO  perf firefox reduced motion long tasks  — []

ALL CHECKS PASS (151)
