# Node
PASS  L1 · 032A starts from the exact accepted BLOOM-031 main (bba000f, now origin/main)  — {"firstParent":"bba000f","originMain":"bba000f"}
PASS  L2 · production resources/run-ui/plant-specimen.js is byte-identical to bba000f (not replaced in 032A)
PASS  L3 · content/traits.js (and content/config.js) byte-identical — no trait data, price or tier changed
PASS  L4 · the engine, every production runtime file (118: resources, content, planets, demos, the root, the portable runtime) byte-identical; 032A only adds the lab (resources/plant-visual/, resources/plant-evolution-lab/, demos/plant-evolution-lab.html, its check, docs)  — {"engDiff":[],"outside":[]}
PASS  L5 · four genuinely different concepts: different body plans (base silhouettes overlap < 75 %: alternate / opposite pairs / irregular-asymmetric / chunky basal), leaf profiles, sprite sets, line + shading treatments and environments — not palette swaps  — [["AB",0.5],["AC",0.42],["AD",0.49],["BC",0.49],["BD",0.44],["CD",0.38]]
PASS  L6 · the same visual state → ONE normalized model (concept-independent component key) feeds all four concepts  — 66e9b01b
PASS  L7 · the base plant renders in every concept (leaves, stem, roots, a bud; nothing clipped)  — [{"c":"A","leaves":524,"stem":124,"roots":55,"repro":23,"clip":0},{"c":"B","leaves":655,"stem":96,"roots":274,"repro":22,"clip":0},{"c":"C","leaves":548,"stem":197,"roots":51,"repro":27,"clip":0},{"c":"D","leaves":887,"stem":138,"roots":55,"repro":23,"clip":0}]
PASS  L8 · every real Adapt trait (cold, heat, drought, flood, salt, rad) at T1 changes the plant's pixels in every concept (≥ 25 px)  — cold 155/96/92/135 · heat 137/106/132/192 · drought 427/765/563/583 · flood 598/729/644/1033 · salt 179/144/186/221 · rad 652/499/463/737
PASS  L9 · every real Spread trait (seedOut, earlyMat, waterSeeds) at T1 changes the plant's pixels in every concept  — seedOut 87/80/43/72 · waterSeeds 142/129/112/127 · earlyMat 80/72/84/91
PASS  L10 · every real multi-tier step (Cold / Heat 1→3 in the shared pool, Drought / Flood 1→3 (uncapped arm, art to T3), Seed Output 1→2) changes an authored component in the model AND ≥ 20 px in every concept  — cold 0→1 92px · cold 1→2 686px · cold 2→3 586px · heat 0→1 106px · heat 1→2 625px · heat 2→3 505px · drought 0→1 427px · drought 1→2 769px · drought 2→3 682px · flood 0→1 598px · flood 1→2 608px · flood 2→3 1227px · seedOut 0→1 43px · seedOut 1→2 136px
PASS  L11 · Cold + Heat (one real temperature pool, 2 + 1 ≤ 3) on ONE plant: Cold sets the architecture (compact) and frost hairs, Heat the cuticle (wax) and leaf narrowing — both visible together, one stem, no second plant  — [["A",118,61],["B",59,34],["C",89,49],["D",100,58]]
PASS  L12 · Drought (storage leaves + taproot / tuber) and Flood (air roots and stilt roots above the soil, strap leaves) each read in every concept; the impossible Drought + Flood build (QA only) renders without error, flagged illegal, the larger arm leading the leaves  — {"droughtStorage":[193,254,232,335],"floodAirRootPx":[48,91,52,31]}
PASS  L13 · Salt Handling is visible: outlined salt crystals on the leaves (+ a toothed margin) in every concept (≥ 12 crystal px — several crystals, legible at room size)  — [45,20,18,15]
PASS  L14 · Radiation Shielding is visible: protective pigment turns the leaves (≥ 50 % of leaf pixels) and stem red-violet in every concept  — [1,0.7,0.66,0.76]
PASS  L15 · Seed Output T1 (one developed seed head) and T2 (a larger head + a second head + drifting seeds) are distinct in every concept  — [[85,229],[86,226],[50,149],[76,213]]
PASS  L16 · Early Maturity is visible: open flowers appear (none without it) — and even on a YOUNG colony, which is what the trait means  — [[0,58,30],[0,34,17],[0,40,20],[0,50,25]]
PASS  L17 · Waterborne Seeds is visible: buoyant pods on the stem and one floating at the soil line (a dispersal structure)  — [94,68,44,68]
PASS  L18 · the four Growth Focus states (Balanced / Roots / Leaves / Seeds) are four distinct presentations in every concept
PASS  L19 · the three local upgrades (Root Network / Leaf Canopy / Seed Reserve) are distinct and drawn as the COLONY's development (network + nodules, canopy companions, a seed bank + cache), not as genome parts  — [[416,50,71],[526,50,69],[472,42,62],[416,48,63]]
PASS  L20 · local state never touches the global genome: all 16 focus × upgrade variants normalize to the identical genome, and the input traits object is not mutated  — {"cold":1,"heat":0,"drought":1,"flood":0,"salt":0,"rad":0,"seedOut":1,"earlyMat":0,"waterSeeds":0}
PASS  L21 · thriving / strained (droop, yellowed, scorched tips) / unviable (a dithered ghost) are distinct in every concept — the owned genome is the same in all three
PASS  L22 · every real Terraform preview (Warm / Cool / Humidify / Dry the Sky, ×2, real deltas) changes the specimen's surroundings (sky, weather, soil) and NEVER the plant's anatomy signature  — warm 6 · cool -6 · humid 8 · dry -8
PASS  L23 · every preview treatment (ghost, glow, flip) shows a proposed organism different from the current one, in every concept
PASS  L25 (pure) · every purchase FX (grow, pulse, dissolve, bloom) passes through real intermediate frames and its final frame IS the target frame, pixel for pixel, in every concept
PASS  L27 · deterministic: the same build renders the same pixels every time (no randomness; small irregularities come from a fixed hash)  — 6feff20c bc2b845c f4c0f65b 649510c8
PASS  L28 · no build clips the specimen box: all 11 canonical builds (incl. COMPLEX A / B and MAXIMAL LEGAL) × 4 concepts × native + the four real room sizes keep the organism ≥ 1 px inside the canvas
PASS  L29 · complex builds keep every major part readable: leaves, stem and roots keep their mass, and every owned trait's mark survives (salt crystals, pigment, frost, wax, seed structures, flowers, pods)  — {"complexA":{"A":"ok","B":"ok","C":"ok","D":"ok"},"complexB":{"A":"ok","B":"ok","C":"ok","D":"ok"},"maximal":{"A":"ok","B":"ok","C":"ok","D":"ok"}}
INFO  renderer  — 1.8 ms per organism (maximal build, Node)
# chromium
PASS  [chromium] L30 · Compare (key C) shows the SAME build in A · B · C · D (one model key) beside the production reference; one control change (Salt +) redraws all four and the reference together
PASS  [chromium] L31 · the CURRENT PRODUCTION REFERENCE (resources/run-ui/plant-specimen.js, unchanged) receives the same traits / preview / colony / focus / local / condition, and draws exactly what the production specimen draws for that state
PASS  [chromium] L23 · L24 · in the lab the preview panel shows the proposed organism (different from current); turning Preview off leaves exactly the current signature
PASS  [chromium] L25 · Purchase mutation (visual only) in Compare: all four concepts animate (A grow 632 ms / 39 frames, B pulse 766 ms / 47 frames, C dissolve 601 ms / 37 frames, D bloom 715 ms / 44 frames) and each ends on EXACTLY the target build's pixels; the lab state now owns Seed Output T1
PASS  [chromium] L26 · reduced motion: Purchase mutation is a short two-step swap (162 ms, no movement) ending on the same exact target pixels
PASS  [chromium] L37 · keyboard: 1 / 3 / 4 / 2 switch concepts, C toggles Compare, P cycles presets (null → base → cold), R toggles reduced motion
PASS  [chromium] L32 · Room size: every concept at the four real specimen boxes measured in production (Adapt / Spread / Region at 1024×768 205×237, 1280×800 258×298, 1440×900 290×335; report 296×342), re-laid-out to fill each box at an integer scale; the production reference at the same boxes  — 102×118@2 86×99@3 96×111@3 74×85@4
PASS  [chromium] L40 · no gameplay mutation: after presets, trait changes, previews and purchases, BLOOM_DATA.traits and BLOOM_DATA.config are exactly the page-load (and repository) data
PASS  [chromium] L27 · cross-environment determinism: the browser renders the maximal build pixel-identically to Node in all four concepts
PASS  [chromium] L39 · no console error, page error or unhandled rejection in the lab
PASS  [chromium] L33 · 1024×768 usable: no horizontal scroll; the review strip, current + preview + production reference in one row; Compare's five panels all in view  — {"single":[[287,246,447,438],[658,204,934,553]],"cmp":5}
PASS  [chromium] L34 · 1280×800 usable: no horizontal scroll; the review strip, current + preview + production reference in one row; Compare's five panels all in view  — {"single":[[287,173,527,461],[818,146,1094,495]],"cmp":5}
PASS  [chromium] L35 · 1440×900 usable: no horizontal scroll; the review strip, current + preview + production reference in one row; Compare's five panels all in view  — {"single":[[287,160,607,544],[978,133,1254,482]],"cmp":5}
# firefox
PASS  [firefox] L30 · Compare (key C) shows the SAME build in A · B · C · D (one model key) beside the production reference; one control change (Salt +) redraws all four and the reference together
PASS  [firefox] L31 · the CURRENT PRODUCTION REFERENCE (resources/run-ui/plant-specimen.js, unchanged) receives the same traits / preview / colony / focus / local / condition, and draws exactly what the production specimen draws for that state
PASS  [firefox] L23 · L24 · in the lab the preview panel shows the proposed organism (different from current); turning Preview off leaves exactly the current signature
PASS  [firefox] L25 · Purchase mutation (visual only) in Compare: all four concepts animate (A grow 635 ms / 39 frames, B pulse 768 ms / 47 frames, C dissolve 602 ms / 37 frames, D bloom 725 ms / 44 frames) and each ends on EXACTLY the target build's pixels; the lab state now owns Seed Output T1
PASS  [firefox] L26 · reduced motion: Purchase mutation is a short two-step swap (164 ms, no movement) ending on the same exact target pixels
PASS  [firefox] L37 · keyboard: 1 / 3 / 4 / 2 switch concepts, C toggles Compare, P cycles presets (null → base → cold), R toggles reduced motion
PASS  [firefox] L32 · Room size: every concept at the four real specimen boxes measured in production (Adapt / Spread / Region at 1024×768 205×237, 1280×800 258×298, 1440×900 290×335; report 296×342), re-laid-out to fill each box at an integer scale; the production reference at the same boxes  — 102×118@2 86×99@3 96×111@3 74×85@4
PASS  [firefox] L40 · no gameplay mutation: after presets, trait changes, previews and purchases, BLOOM_DATA.traits and BLOOM_DATA.config are exactly the page-load (and repository) data
PASS  [firefox] L27 · cross-environment determinism: the browser renders the maximal build pixel-identically to Node in all four concepts
PASS  [firefox] L39 · no console error, page error or unhandled rejection in the lab
PASS  [firefox] L36 · 1280×800 usable: no horizontal scroll; the review strip, current + preview + production reference in one row; Compare's five panels all in view  — {"single":[[287,173,527,461],[818,146,1094,495]],"cmp":5}
PASS  [firefox] L36 · Firefox: the lab, Compare and Purchase mutation work; the animation ends on the exact target pixels
PASS  L38 · no external request: every resource the lab loaded is a local file (it opens straight from disk)
PASS  L39 · no console error or page error in any browser
INFO  evidence  — docs/evidence/bloom-032a

ALL 54 CHECKS PASS  (27.5 s)
