$ (baseline be0a829) node tools/portable-runtime-check.js
# Node
PASS  P1 · the exact start: BLOOM-031 branches from production main 85ddd76, which is the 3cd91b9 production code plus a docs-only README commit (3cd91b9 → 85ddd76 touches README.md and docs/ only)  — {"firstParent":"85ddd76","mainDiff":7,"own":3,"originMain":"be0a829"}
PASS  P37 · no gameplay source changed: of 104 runtime files outside the module seam (engine, generator, validator, sphere, surface, transitions, survey, rooms, report, training, content, planets, stylesheets, demos) none differs from main; every other change is the seam (9 files), the new portable files, the generated layer, tools, docs or the Pages workflow; no changed seam code line names a game rule  — {"unexpected":[],"protDiff":[],"ruleHits":[],"seamCode":{"index.html":{"added":0,"removed":0},"demos/demo-run.html":{"added":5,"removed":2},"resources/main-menu/title-boot.js":{"added":13,"removed":10},"resources/main-menu/main-menu-page.js":{"added":1,"removed":1},"resources/destination-survey/sector-pool.js":{"added":2,"removed":1},"resources/expedition/expedition-handoff.js":{"added":24,"removed":2},"resources/expedition/expedition-arrival.js":{"added":4,"removed":2},"resources/run-ui/terraform-globe.js":{"added":4,"removed":2},"resources/run-ui/gameplay-transition.js":{"added":4,"removed":2}}}
PASS  P2 · source mode unchanged: served over http(s) the title imports the source composer (no extra script), the survey starts its module workers (SectorPool.workerFactory stays null), every classic helper still import()s the source module and the handoff stays in sessionStorage — the portable branches exist only for non-http(s) pages
PASS  P6 (source) · the file:// "This build needs to be opened through a web server" notice is retired from the title boot and the root document (a plain notice remains only for a damaged copy whose portable runtime is missing)
PASS  P3 · the portable artifacts are generated from source: an in-memory build of tools/build-portable.mjs equals dist/portable/ byte for byte (dist/portable/strange-bloom.portable.js, dist/portable/manifest.json)  — strange-bloom.portable.js identical · manifest.json identical
INFO  P3 · committed  — strange-bloom.portable.js = HEAD · manifest.json = HEAD
PASS  P4 · deterministic rebuild: from a clean copy (git archive be0a829) with dist/ deleted, `npm --prefix tools run build:portable` twice gives byte-identical artifacts that equal the committed dist/portable/ (and `npm --prefix tools run check:portable` there exits 0)  — 11faf827fd3c · 63c46736a5e7
FAIL  P4b · the generated header names the build (GENERATED — do not edit; format bloom-portable/1; esbuild version; the source fingerprint, equal to manifest.json's and to a fresh build's); no timestamp, absolute path or user name in the generated files  — 2b90d81a37bd4fc1
PASS  P5 · no handwritten rules in the generated layer: every bundled module is a tracked source file at its current hash (36 inputs; the survey worker's 15 are the real worker and the BLOOM classic scripts it imports); the three handwritten portable files name no game rule; Three.js is bundled exactly once (none in the worker); the bundle registers exactly the five dynamically imported modules  — {"badInput":[],"strayMarkers":[],"handwritten":[],"three":[1,1],"threeInWorker":[]}
PASS  P40 · portable build size recorded: 1227 KiB JS (Three.js 769 KiB once · game modules 245 KiB · survey worker text 207 KiB), no generated CSS (the stylesheets load as files), dist/portable/ 1235 KiB in total  — {"bundleJs":1256642,"generatedCss":0,"manifest":8485,"distPortableTotal":1265127,"threeJsInBundle":787616,"gameModulesInBundle":250674,"surveyWorkerText":211757,"vendoredThreeOnDisk":750938}
PASS  P13 (source) · the thirteen guided lessons are unchanged (training-steps / director / coach / content/training.js / Training Grounds byte-identical to main)  — start · natural-spread · biomass · inspect-chill · limiting-factor · adapt-buy · spread · growth-focus · local-upgrade · terraform-preview · tradeoff · sacrifice · goal
PASS  P38 (source) · the ten bloom:* dispatch sites on the run page are character-identical to main (the same events, the same detail objects)  — 11 sites
PASS  P39 (source) · the tutorial anchors (every data-tutorial literal on the run page and in the run UI / training) are unchanged  — 40 anchors
PASS  P35 · the GitHub Pages workflow is static-only: on push to main (or by hand) it copies the game's own files (tools/build-pages-site.mjs: index.html, the run page + alias, content, planets, resources; Node built-ins, no npm install, no build) and deploys them with the official actions only (checkout, configure-pages, upload-pages-artifact, deploy-pages); no secret, no server  — {"uses":["actions/checkout@v7","actions/configure-pages@v6","actions/upload-pages-artifact@v5","actions/deploy-pages@v5"],"runs":["node tools/build-pages-site.mjs _site"]}
PASS  P36 (source) · no external runtime dependency: the repository root stays a static site (no package.json there); tools/package.json declares no runtime dependency (one dev dependency, esbuild, for developers only); the entry documents, boot, seam and composer name no external URL, no analytics, no web font  — {"dev":{"esbuild":"0.28.2"},"urls":[]}
# chromium
PASS  [chromium] P6 · P7 · P8 · <repo>/index.html over file:// boots the REAL title (no HTTP-required notice, no failure notice): the classic engine scripts, the module seam and the portable runtime's page composer; STRANGE BLOOM, BEGIN EXPEDITION · TRAINING (Recommended) · SETTINGS · CREDITS; the first sector already prefetching  — {"state":"mounted","loaded":["resources/main-menu/main-menu-page.js"],"prefetch":{"seed":218761,"firstBloom":false,"confirmed":0,"total":9,"ready":false,"ms":563}}
PASS  [chromium] P9 · no special browser flag: launched with Playwright's defaults only (no --allow-file-access-from-files, no --disable-web-security, no prefs) — and Chromium's default file:// security is in force: importing a source module or starting a module worker from this page is refused, so the game above runs from the portable runtime  — {"mod":"refused","worker":"refused"}
PASS  [chromium] P11 · all twelve menu paintings resolve to local files (file:///…/resources/main-menu/backgrounds/menu-01…12.jpg) and decode at 1280 × 720  — menu-01.jpg menu-02.jpg menu-03.jpg menu-04.jpg menu-05.jpg menu-06.jpg menu-07.jpg menu-08.jpg menu-09.jpg menu-10.jpg menu-11.jpg menu-12.jpg
PASS  [chromium] P44 · Settings works over file:// · keyboard: arrows / Home / End walk the title menu, Enter opens SETTINGS (focus inside); its motion choice persists in this browser's file storage and applies at once; Escape closes it back to SETTINGS  — {"kbd":["training","settings","credits","begin","credits","begin"],"stored":"{\"motion\":\"reduced\"}"}
PASS  [chromium] P14 · P15 · the first BEGIN EXPEDITION offers the one first-run recommendation (Go to Expedition · Start Training); the Destination Survey opens over file:// with nine distinct, fully validated worlds (layers 1–8, one class per column) built by the SAME survey worker, started from the portable runtime as blob: workers; an empty slot reads "Incoming" and never one that holds a world, none at the end (53 samples, up to 7 incoming at once)  — {"truthful":true,"dialog":true,"source":"worker","workers":2,"url":"blob:null/","tasks":25,"keys":["ocean_archipelago:96977","desert_world:87578","frozen_world:73722","frozen_world:63882","frozen_world:94617","frozen_world:47825","ocean_archipelago:4279","desert_world:99873","desert_world:85585"]}
PASS  [chromium] P16 · Scan New Sector over file:// brings the next sector (seed 218761 → 905587): nine new validated worlds  — ocean_archipelago:60230 frozen_world:93435 desert_world:83015 ocean_archipelago:92537 ocean_archipelago:93985 desert_world:54908 ocean_archipelago:15309 desert_world:37241 desert_world:94970
PASS  [chromium] P17 · candidate focus · sphere interaction: the survey's real PlanetSphereView globes draw through one WebGL renderer; the chosen world's own globe moves into the focus slot and a mouse drag spins it (yaw 3.75 → 4.23 rad)  — {"key":"ocean_archipelago:93985","renders":156}
PASS  [chromium] P12 (expedition) · P18 · the DRAMATIC departure, then the exact selected candidate survives the FILE-SAFE handoff: the envelope travels in the tab's window.name (file transport), the address carries only the token, and the run page's planet JSON equals the survey's detail.planet character for character; returnTo is the file title  — {"token":"x26fed92e3af4beed3d4f","transport":"file"}
PASS  [chromium] P19 · P20 · no regeneration on the file:// expedition page (every generator / search / attempt function guarded to throw, none called; one createSim) and the fingerprint is preserved: survey == stored == gameplay (75765c9e2ad988a6)  — {"generateFromArchetype":0,"generatePlanet":0,"attemptPlanet":0,"searchWorld":0,"runSearch":0,"createSim":1}
PASS  [chromium] P21 · the production gameplay UI over file:// (Planet View, ui18), titled with the chosen world; run menu Play again · Choose another planet · Main menu  — Umbra-208
PASS  [chromium] P22 · Region Inspect, Adapt, Spread and Terraform all open over file://; a real Adapt purchase (cold) and a real Spread purchase (seedOut) each raise their tier through the run's own buy  — {"adapt":{"id":"cold","before":0,"after":1},"spread":{"id":"seedOut","before":0,"after":1}}
PASS  [chromium] P23 · Terraform over file:// uses the REAL PlanetSphereView (from the portable runtime — never the flat fallback): it shows THIS planet and its texture equals the canonical surface under the current sky, before and after a real Terraform purchase changed the sky  — {"kind":"sphere","sky":[{"temperature":8,"moisture":54},{"temperature":14,"moisture":54}]}
PASS  [chromium] P38 · P39 (runtime) · over file:// every bloom:* event that fired has its frozen detail shape (7 kinds) and every production data-tutorial anchor is present and unique (47)  — {"dup":[]}
PASS  [chromium] P24 · the production Bloom Report over file:// names the chosen world and carries its fingerprint; Keep playing · Play again (same token) · Choose another planet (the file title + begin=1) · Main menu (the file title)  — {"playAgain":"demo-run.html?play=1&expedition=x26fed92e3af4beed3d4f","choosePlanet":"<repo>/index.html?begin=1","mainMenu":"<repo>/index.html"}
PASS  [chromium] P25 · Play Again over file:// replays the SAME exact planet (same token, planet JSON, fingerprint) on a fresh simulation (nothing owned, not won), no generator  — x26fed92e3af4beed3d4f
PASS  [chromium] P27 · Main menu from the run returns to the file:// title (a fresh prefetch starts)  — <repo>/index.html
FAIL  [chromium] browser flow completed without an exception  — page.waitForFunction: Timeout 180000ms exceeded.
FAIL  [chromium] P45 · chromium 141.0.7390.37 ran every flow: 
FAIL  [firefox] browser launches  — browserType.launch: Executable doesn't exist at /opt/pw-browsers/firefox-1495/firefox/firefox
PASS  P41 · no console error and no page error on any page (file://, http root, /bloom/; both browsers)
PASS  P42 · no unhandled promise rejection on any page
FAIL  P12 · P13 (child) · guided-training-check --file: the COMPLETE guided training over file:// in chromium + firefox — Recommended tag, the first-run recommendation, all 13 lessons by real input on Training Grounds (65 %), the scripted bubble, the Warm / Drought route, Skip confirmation, TRAINING COMPLETE, Begin Expedition, Restart, Main menu  — FAIL  [firefox] browser launches  — browserType.launch: Executable doesn't exist at /opt/pw-browsers/firefox-1495/firefox/firefox

5 check(s) FAILED, 31 passed  (319.4 s)
