PASS  T1 · Training Grounds loads identically (same tilemap with any config / rng), six all-land regions, origin Landing Meadow, win at 65 %  — tilemap a37abec5 · 48×32 · landing_meadow 246, green_verge 230, chill_hollow 329, reed_fen 123, thirsty_flats 301, salt_pan 307 · meadow touches chill_hollow/green_verge/salt_pan/thirsty_flats
PASS  T2a · at the landing: Meadow, Verge, Fen grow; Chill Hollow is too cold, Thirsty Flats too dry, Salt Pan hostile soil (not terraformable)  — landing_meadow 1.00 · green_verge 1.00 · chill_hollow 0.40 · reed_fen 1.00 · thirsty_flats 0.33 · salt_pan 0.00
PASS  T2b · Cold Tolerance or Warm the Sky opens Chill Hollow; Humidify or Drought opens Thirsty Flats; Humidify makes Reed Fen worse but it still grows, Drought closes it; Salt Handling opens Salt Pan  — cold→chill 1.00 · warm→chill 1.00 · humid→flats 1.00, fen 0.67 · drought→flats 1.00, fen 0.08
PASS  T2c · the shop preview tells the same story (Cold opens Chill Hollow; Humidify opens Thirsty Flats and closes nothing; Drought opens it but closes Reed Fen)  — cold {"gain":["chill_hollow"],"lose":[]} · humid {"gain":["thirsty_flats"],"lose":[]} · drought {"gain":["thirsty_flats"],"lose":["reed_fen"]}
PASS  T3 · plateaus (6000 ticks, real engine): one answer stays under 65 %, every pair of answers wins with room, without Salt Pan; the same for any seed  — none 39.0% · cold 60.4% · humid 58.6% · cold+humid 80.0% · cold+drought 72.0% · warm+humid 80.0% · cold+humid seeds 1–3 80.0/80.0/80.0
PASS  T4 · deriveConfig: a deep copy with exactly the four training overrides; the shared config is byte-identical after it; typos and wrong kinds refused  — econ.originTrickle 0.3→0.6 · econ.startBiomass 100→150 · econ.bubbleChance 0.011→0 · econ.bubbleAutoTicks 60→375
PASS  T5a · same seed + same actions on the same ticks → the same run (tiles, stand density, Biomass)  — run 9823f234/e5007b5d/1288143
PASS  T5b · placeBubble: only on a Living land tile, one per tile; it draws no randomness (the run is tile-for-tile the same) and pays exactly an auto-collected bubble after econ.bubbleAutoTicks  — placed on tile 265 · refused 5 · Biomass difference 12.50 = 12.5
PASS  T6 · training status: none → skipped → completed, never downgraded to skipped; junk / another version / no storage / throwing storage read as none and never throw; unknown status refused  — stored (cleared) · key strange-bloom.training · v1
PASS  T7 · return= goes back only to the same origin (else the title page, content/training.js returnTo — since BLOOM-030 the ROOT index.html, the canonical Strange Bloom title); trainingQuery builds the documented query  — 9 return values resolved as documented
PASS  T8a · no training or tutorial branch in the engine, no planet-id special case, no second run page, no page-side Biomass grant, config / traits never mention training  — demo pages named training/tutorial: 0 · demo-run Biomass grants: 1 (the BLOOM_API test hook)
PASS  T8b · one fade (black-fade.js) for the title and the training page; the motion choice is read through main-menu-data.js, never re-parsed
PASS  T8c · every documented data-tutorial anchor is on the run page  — 19 static + 5 per-item families
PASS  [chromium] B1a · ?training=1 opens Training Grounds PAUSED at the landing (no tick after 0.6 s), with the training Biomass  — ticks 0 · button "▶ play" · Biomass 150 · "BLOOM — Training · Training Grounds" · training grounds
PASS  [chromium] B1b · the run's config is its own derived copy; the page's shared BLOOM_DATA.config is byte-identical to content/config.js
PASS  [chromium] B1c · it opens under full black, the training layer lifts it once drawn; ☰ Training offers Restart · Skip · Main menu; no return= → the title page (BLOOM-030: the root index.html)  — return http://127.0.0.1:62900/index.html
PASS  [chromium] B1d · the training run is seeded: two page loads, same scripted ticks + purchase → tile-for-tile the same run  — 1545 chars · b4a1c5e6
PASS  [chromium] B1e · no page errors
PASS  [chromium] B2a · ▶ / ⏸ → bloom:play-pause {running}; speed → bloom:speed {speed}  — play-pause [true,false] after 3 ticks · speed 2
PASS  [chromium] B2b · a map click → bloom:region-select {index, id, name, previous, water, tile}; clicking it again deselects (id null)  — {"index":2,"id":"chill_hollow","name":"Chill Hollow","previous":"landing_meadow","water":false,"tile":346}
PASS  [chromium] B2c · hovering an upgrade → bloom:upgrade-preview {id, board, available, gain, lose, better, worse}; buying it → bloom:upgrade-purchase {id, board, cost, tier, biomass}  — ["chill_hollow"] · {"id":"cold","board":"Adapt","name":"Cold Tolerance","cost":140,"tier":1,"biomass":10}
PASS  [chromium] B2d · Humidify's preview names what it opens and what it makes worse; clicking it unaffordable buys nothing and sends no purchase event  — gain ["thirsty_flats"] · worse ["reed_fen"]
PASS  [chromium] B2e · a growth-focus button → bloom:growth-focus {id, focus, previous, changed}; a local upgrade → bloom:local-upgrade {id, upgrade, cost}  — {"index":0,"id":"landing_meadow","name":"Landing Meadow","focus":"leaves","previous":"balanced","changed":true} · {"index":0,"id":"landing_meadow","name":"Landing Meadow","upgrade":"rootNetwork","upgradeName":"Root Network","cost":90}
PASS  [chromium] B2f · BLOOM_RUN_UI.placeBubble puts a bubble on a chosen region (never on dead ground); clicking it → bloom:bubble-collect {how:"click", value 25}; left alone → {how:"auto", value 12.5}  — click on tile 600 (+25) · auto {"how":"auto","tile":563,"index":1,"id":"green_verge","name":"Green Verge","value":12.5} (placed 563, second 648) · Salt Pan → -1 · all ["click600","auto648","auto563"]
PASS  [chromium] B2g · reaching 65 % → bloom:win {coverage, ticks, planetId, training}; the report reads Training complete with (BLOOM-028D2) Begin Expedition · Restart training · Main menu, and the status is recorded "completed"  — coverage 65.0% at tick 789 · ★ TRAINING COMPLETE
PASS  [chromium] B2h · all ten event types seen, no page errors  — run-ready → play-pause → play-pause → speed → region-select → region-select → upgrade-purchase → region-select → growth-focus → local-upgrade → bubble-collect → bubble-collect → bubble-collect → upgrade-purchase → win
PASS  [chromium] B3a · no query: First Bloom runs at once on the shared config, as before — no black, no training layer (BLOOM-029E: the production title "Strange Bloom — First Bloom")  — ticks 5 after 0.7 s · "Strange Bloom — First Bloom" First Bloom
PASS  [chromium] B3b · ?play=1: the same player menu actions as before (the page's own; the production run menu lists them), the production title; (BLOOM-030) the retired launcher's routes are now the root title: Change planet = its Destination Survey (begin=1), Home = the title  — playAgain=demo-run.html?play=1 · changePlanet=../index.html?begin=1 · home=../index.html
PASS  [chromium] B3c · ordinary runs keep their own live randomness (two loads, same ticks → different runs; only training is seeded)
PASS  [chromium] B3d · no page errors
PASS  [chromium] B4a · planet=<id> opens that authored world as an ordinary run (shared config, running); Play again keeps planet=  — play again → demo-run.html?play=1&planet=training_grounds
PASS  [chromium] B4b · an unknown planet, planet= with a seed, training with an archetype or a scenario → the explicit no-run page, never a substitute  — planet nowhere | archetype desert_world · public seed 3 | archetype desert_world · public seed null | Training · scenario dying_world | planet __proto__
PASS  [chromium] B4c · no page errors
PASS  [chromium] B5a · TRAINING: the title fades to full black (220 ms), the training run is mounted inside index.html (the address unchanged, no return=, no page load) and its layer lifts the same black (250 ms) onto a paused landing  — [{"to":1,"ms":220},{"to":0,"ms":250}] · /?bg=1&workers=2
PASS  [chromium] B5b · ☰ → Main menu: fades to black (220 ms), the training session is disposed and the title shown in the same document (250 ms lift, focus on EXPEDITION); nothing recorded  — [{"to":1,"ms":220},{"to":0,"ms":250}]
PASS  [chromium] B5d · ☰ → Restart training: through the black, a FRESH training session in the same document (the previous one disposed) — back at a paused landing (tick 0, 150 Biomass)  — [{"to":1,"ms":220},{"to":0,"ms":250}] · tick 300 → 0
PASS  [chromium] B5e · ☰ → Skip training (confirmed): records "skipped" and returns to the title through the black, in the same document  — {"v":1,"status":"skipped","at":1791609810179}
PASS  [chromium] B5f · no page errors and ONE document load across every title ↔ training crossing (the 028D1 back-forward-cache restores have nothing left to restore)
PASS  [chromium] B5a (Settings: reduced motion) · TRAINING: the title fades to full black (80 ms), the training run is mounted inside index.html (the address unchanged, no return=, no page load) and its layer lifts the same black (80 ms) onto a paused landing  — [{"to":1,"ms":80},{"to":0,"ms":80}] · /?bg=1&workers=2
PASS  [chromium] B5b (Settings: reduced motion) · ☰ → Main menu: fades to black (80 ms), the training session is disposed and the title shown in the same document (80 ms lift, focus on EXPEDITION); nothing recorded  — [{"to":1,"ms":80},{"to":0,"ms":80}]
PASS  [chromium] B5d (Settings: reduced motion) · ☰ → Restart training: through the black, a FRESH training session in the same document (the previous one disposed) — back at a paused landing (tick 0, 150 Biomass)  — [{"to":1,"ms":80},{"to":0,"ms":80}] · tick 300 → 0
PASS  [chromium] B5e (Settings: reduced motion) · ☰ → Skip training (confirmed): records "skipped" and returns to the title through the black, in the same document  — {"v":1,"status":"skipped","at":1791609812360}
PASS  [chromium] B5f (Settings: reduced motion) · no page errors and ONE document load across every title ↔ training crossing (the 028D1 back-forward-cache restores have nothing left to restore)
PASS  [chromium] B6a · (BLOOM-031) over file:// the training layer loads from the portable runtime: the black lifts, the run is paused, the guided coach mounts; Main menu leaves (through the layer) for the root index.html, which over file:// is the real title  — {"s":{"running":false,"ui":"object","mounted":true,"portable":true},"t":{"ready":true,"notice":false}}
PASS  [chromium] B6b · when the training layer cannot load (here: the portable runtime forced to fail over file://) the black still clears (≤ 2 s), the run is paused, Main menu still leaves for the root index.html  — black gone after 1887 ms · → bloom-033-single-document-app/index.html
PASS  [firefox] B1a · ?training=1 opens Training Grounds PAUSED at the landing (no tick after 0.6 s), with the training Biomass  — ticks 0 · button "▶ play" · Biomass 150 · "BLOOM — Training · Training Grounds" · training grounds
PASS  [firefox] B1b · the run's config is its own derived copy; the page's shared BLOOM_DATA.config is byte-identical to content/config.js
PASS  [firefox] B1c · it opens under full black, the training layer lifts it once drawn; ☰ Training offers Restart · Skip · Main menu; no return= → the title page (BLOOM-030: the root index.html)  — return http://127.0.0.1:62900/index.html
PASS  [firefox] B1d · the training run is seeded: two page loads, same scripted ticks + purchase → tile-for-tile the same run  — 1545 chars · b4a1c5e6
PASS  [firefox] B1e · no page errors
PASS  [firefox] B2a · ▶ / ⏸ → bloom:play-pause {running}; speed → bloom:speed {speed}  — play-pause [true,false] after 2 ticks · speed 2
PASS  [firefox] B2b · a map click → bloom:region-select {index, id, name, previous, water, tile}; clicking it again deselects (id null)  — {"index":2,"id":"chill_hollow","name":"Chill Hollow","previous":"landing_meadow","water":false,"tile":346}
PASS  [firefox] B2c · hovering an upgrade → bloom:upgrade-preview {id, board, available, gain, lose, better, worse}; buying it → bloom:upgrade-purchase {id, board, cost, tier, biomass}  — ["chill_hollow"] · {"id":"cold","board":"Adapt","name":"Cold Tolerance","cost":140,"tier":1,"biomass":10}
PASS  [firefox] B2d · Humidify's preview names what it opens and what it makes worse; clicking it unaffordable buys nothing and sends no purchase event  — gain ["thirsty_flats"] · worse ["reed_fen"]
PASS  [firefox] B2e · a growth-focus button → bloom:growth-focus {id, focus, previous, changed}; a local upgrade → bloom:local-upgrade {id, upgrade, cost}  — {"index":0,"id":"landing_meadow","name":"Landing Meadow","focus":"leaves","previous":"balanced","changed":true} · {"index":0,"id":"landing_meadow","name":"Landing Meadow","upgrade":"rootNetwork","upgradeName":"Root Network","cost":90}
PASS  [firefox] B2f · BLOOM_RUN_UI.placeBubble puts a bubble on a chosen region (never on dead ground); clicking it → bloom:bubble-collect {how:"click", value 25}; left alone → {how:"auto", value 12.5}  — click on tile 600 (+25) · auto {"how":"auto","tile":562,"index":1,"id":"green_verge","name":"Green Verge","value":12.5} (placed 562, second 648) · Salt Pan → -1 · all ["click600","auto648","auto562"]
PASS  [firefox] B2g · reaching 65 % → bloom:win {coverage, ticks, planetId, training}; the report reads Training complete with (BLOOM-028D2) Begin Expedition · Restart training · Main menu, and the status is recorded "completed"  — coverage 65.0% at tick 954 · ★ TRAINING COMPLETE
PASS  [firefox] B2h · all ten event types seen, no page errors  — run-ready → play-pause → play-pause → speed → region-select → region-select → upgrade-purchase → region-select → growth-focus → local-upgrade → bubble-collect → bubble-collect → bubble-collect → upgrade-purchase → win
PASS  [firefox] B3a · no query: First Bloom runs at once on the shared config, as before — no black, no training layer (BLOOM-029E: the production title "Strange Bloom — First Bloom")  — ticks 5 after 0.7 s · "Strange Bloom — First Bloom" First Bloom
PASS  [firefox] B3b · ?play=1: the same player menu actions as before (the page's own; the production run menu lists them), the production title; (BLOOM-030) the retired launcher's routes are now the root title: Change planet = its Destination Survey (begin=1), Home = the title  — playAgain=demo-run.html?play=1 · changePlanet=../index.html?begin=1 · home=../index.html
PASS  [firefox] B3c · ordinary runs keep their own live randomness (two loads, same ticks → different runs; only training is seeded)
PASS  [firefox] B3d · no page errors
PASS  [firefox] B4a · planet=<id> opens that authored world as an ordinary run (shared config, running); Play again keeps planet=  — play again → demo-run.html?play=1&planet=training_grounds
PASS  [firefox] B4b · an unknown planet, planet= with a seed, training with an archetype or a scenario → the explicit no-run page, never a substitute  — planet nowhere | archetype desert_world · public seed 3 | archetype desert_world · public seed null | Training · scenario dying_world | planet __proto__
PASS  [firefox] B4c · no page errors
PASS  [firefox] B5a · TRAINING: the title fades to full black (220 ms), the training run is mounted inside index.html (the address unchanged, no return=, no page load) and its layer lifts the same black (250 ms) onto a paused landing  — [{"to":1,"ms":220},{"to":0,"ms":250}] · /?bg=1&workers=2
PASS  [firefox] B5b · ☰ → Main menu: fades to black (220 ms), the training session is disposed and the title shown in the same document (250 ms lift, focus on EXPEDITION); nothing recorded  — [{"to":1,"ms":220},{"to":0,"ms":250}]
PASS  [firefox] B5d · ☰ → Restart training: through the black, a FRESH training session in the same document (the previous one disposed) — back at a paused landing (tick 0, 150 Biomass)  — [{"to":1,"ms":220},{"to":0,"ms":250}] · tick 300 → 0
PASS  [firefox] B5e · ☰ → Skip training (confirmed): records "skipped" and returns to the title through the black, in the same document  — {"v":1,"status":"skipped","at":1791609831126}
PASS  [firefox] B5f · no page errors and ONE document load across every title ↔ training crossing (the 028D1 back-forward-cache restores have nothing left to restore)
PASS  [firefox] B5a (Settings: reduced motion) · TRAINING: the title fades to full black (80 ms), the training run is mounted inside index.html (the address unchanged, no return=, no page load) and its layer lifts the same black (80 ms) onto a paused landing  — [{"to":1,"ms":80},{"to":0,"ms":80}] · /?bg=1&workers=2
PASS  [firefox] B5b (Settings: reduced motion) · ☰ → Main menu: fades to black (80 ms), the training session is disposed and the title shown in the same document (80 ms lift, focus on EXPEDITION); nothing recorded  — [{"to":1,"ms":80},{"to":0,"ms":80}]
PASS  [firefox] B5d (Settings: reduced motion) · ☰ → Restart training: through the black, a FRESH training session in the same document (the previous one disposed) — back at a paused landing (tick 0, 150 Biomass)  — [{"to":1,"ms":80},{"to":0,"ms":80}] · tick 300 → 0
PASS  [firefox] B5e (Settings: reduced motion) · ☰ → Skip training (confirmed): records "skipped" and returns to the title through the black, in the same document  — {"v":1,"status":"skipped","at":1791609833676}
PASS  [firefox] B5f (Settings: reduced motion) · no page errors and ONE document load across every title ↔ training crossing (the 028D1 back-forward-cache restores have nothing left to restore)

ALL CHECKS PASS  (39.1 s)
