=== CONTROL: c23815e vs c23815e (same tree twice)
SAME  first_bloom (Math.random seed 1): 29 checkpoints identical=true · 45 bloom:* events identical=true (run-ready 1, region-select 10, upgrade-preview 12, upgrade-purchase 6, bubble-collect 11, growth-focus 3, local-upgrade 1, win 1) · screenshot 56ae372fb6a6 vs c95377069a0d: 3 px differ in [460,31,461,36], below the header 0 · final sim df9d818{ won=true
SAME  first_bloom (seed 2) (Math.random seed 2): 29 checkpoints identical=true · 46 bloom:* events identical=true (run-ready 1, region-select 10, growth-focus 4, local-upgrade 1, bubble-collect 11, upgrade-preview 12, upgrade-purchase 6, win 1) · screenshot 6704dd835fb0 vs 6704dd835fb0: 0 px differ, below the header 0 · final sim fabfbe10 won=true
SAME  training (Math.random seed 3): 19 checkpoints identical=true · 23 bloom:* events identical=true (run-ready 1, upgrade-preview 8, upgrade-purchase 4, region-select 6, growth-focus 2, local-upgrade 1, win 1) · screenshot a6a6f0441a8c vs fc6aecbf433b: 3 px differ in [1382,20,1383,47], below the header 0 · final sim 6800a0e2 won=true
SAME  planet=training_grounds (Math.random seed 4): 25 checkpoints identical=true · 33 bloom:* events identical=true (run-ready 1, region-select 9, bubble-collect 5, upgrade-preview 8, upgrade-purchase 4, growth-focus 5, local-upgrade 1) · screenshot 82cfbfd1bbb2 vs 82cfbfd1bbb2: 0 px differ, below the header 0 · final sim ba6123ef won=false
SAME  ocean_archipelago 28 (Math.random seed 5): 29 checkpoints identical=true · 31 bloom:* events identical=true (run-ready 1, region-select 10, upgrade-preview 8, upgrade-purchase 4, bubble-collect 7, growth-focus 1) · screenshot 38e1d76b8e46 vs 38e1d76b8e46: 0 px differ, below the header 0 · final sim 570ac1c2 won=false
SAME  dying_world · ocean 28 (Math.random seed 6): 29 checkpoints identical=true · 35 bloom:* events identical=true (run-ready 1, region-select 10, bubble-collect 11, upgrade-preview 8, upgrade-purchase 4, growth-focus 1) · screenshot 970509fea922 vs 970509fea922: 0 px differ, below the header 0 · final sim 549eae3c won=false
SAME  native_competition · desert 22 (Math.random seed 7): 29 checkpoints identical=true · 44 bloom:* events identical=true (run-ready 1, region-select 10, bubble-collect 17, upgrade-preview 10, upgrade-purchase 5, growth-focus 1) · screenshot ba46e229c872 vs ba46e229c872: 0 px differ, below the header 0 · final sim 2159b573 won=false
SAME  volatile_climate · frozen 4 (Math.random seed 8): 29 checkpoints identical=true · 43 bloom:* events identical=true (run-ready 1, region-select 10, bubble-collect 14, upgrade-preview 10, upgrade-purchase 5, growth-focus 2, local-upgrade 1) · screenshot fb798d3b8531 vs 898bdd4b4601: 18 px differ in [573,27,577,39], below the header 0 · final sim d9c4058e won=false

ALL 8 RUNS IDENTICAL (before c23815e = after BLOOM-029A)

=== BEFORE c23815e vs AFTER BLOOM-029A working tree
SAME  first_bloom (Math.random seed 1): 29 checkpoints identical=true · 45 bloom:* events identical=true (run-ready 1, region-select 10, upgrade-preview 12, upgrade-purchase 6, bubble-collect 11, growth-focus 3, local-upgrade 1, win 1) · screenshot 56ae372fb6a6 vs c95377069a0d: 3 px differ in [460,31,461,36], below the header 0 · final sim df9d818{ won=true
SAME  first_bloom (seed 2) (Math.random seed 2): 29 checkpoints identical=true · 46 bloom:* events identical=true (run-ready 1, region-select 10, growth-focus 4, local-upgrade 1, bubble-collect 11, upgrade-preview 12, upgrade-purchase 6, win 1) · screenshot 6704dd835fb0 vs 6704dd835fb0: 0 px differ, below the header 0 · final sim fabfbe10 won=true
SAME  training (Math.random seed 3): 19 checkpoints identical=true · 23 bloom:* events identical=true (run-ready 1, upgrade-preview 8, upgrade-purchase 4, region-select 6, growth-focus 2, local-upgrade 1, win 1) · screenshot fc6aecbf433b vs a6a6f0441a8c: 3 px differ in [1382,20,1383,47], below the header 0 · final sim 6800a0e2 won=true
SAME  planet=training_grounds (Math.random seed 4): 25 checkpoints identical=true · 33 bloom:* events identical=true (run-ready 1, region-select 9, bubble-collect 5, upgrade-preview 8, upgrade-purchase 4, growth-focus 5, local-upgrade 1) · screenshot 4cad5e7db530 vs 82cfbfd1bbb2: 2 px differ in [690,40,692,40], below the header 0 · final sim ba6123ef won=false
SAME  ocean_archipelago 28 (Math.random seed 5): 29 checkpoints identical=true · 31 bloom:* events identical=true (run-ready 1, region-select 10, upgrade-preview 8, upgrade-purchase 4, bubble-collect 7, growth-focus 1) · screenshot 38e1d76b8e46 vs 38e1d76b8e46: 0 px differ, below the header 0 · final sim 570ac1c2 won=false
SAME  dying_world · ocean 28 (Math.random seed 6): 29 checkpoints identical=true · 35 bloom:* events identical=true (run-ready 1, region-select 10, bubble-collect 11, upgrade-preview 8, upgrade-purchase 4, growth-focus 1) · screenshot 970509fea922 vs 970509fea922: 0 px differ, below the header 0 · final sim 549eae3c won=false
SAME  native_competition · desert 22 (Math.random seed 7): 29 checkpoints identical=true · 44 bloom:* events identical=true (run-ready 1, region-select 10, bubble-collect 17, upgrade-preview 10, upgrade-purchase 5, growth-focus 1) · screenshot ba46e229c872 vs ba46e229c872: 0 px differ, below the header 0 · final sim 2159b573 won=false
SAME  volatile_climate · frozen 4 (Math.random seed 8): 29 checkpoints identical=true · 43 bloom:* events identical=true (run-ready 1, region-select 10, bubble-collect 14, upgrade-preview 10, upgrade-purchase 5, growth-focus 2, local-upgrade 1) · screenshot 898bdd4b4601 vs 898bdd4b4601: 0 px differ, below the header 0 · final sim d9c4058e won=false

ALL 8 RUNS IDENTICAL (before c23815e = after BLOOM-029A)
