# Node — scope
PASS  S1 · 032B2 starts from the exact accepted BLOOM-032B1 main be0a829  — {"firstParent":"be0a829"}
PASS  S2 · production boundary: all 84 files under content/, planets/, index.html, dist/ and resources/ (except the generated plant atlas and the proof page's own script / style) are byte-identical to be0a829 — incl. resources/run-ui/plant-specimen.js (NOT replaced), the production SVG, content/traits.js; the contract, body plan, compositor, selector, model, FX and the three proof packs are unchanged  — {"diff":[],"outside":[]}
PASS  S3 · no production surface loads the plant atlas or the new pack except through the BLOOM-032C production specimen (demos/demo-run.html → resources/run-ui/plant-specimen.js); the portable bundle never does  — []
PASS  S4 · body-plan sockets unchanged: the approved sprites fit the accepted sockets with no data change (the build's static clip proof passes on the accepted body plan)
# Node — intake
PASS  I1 · intake hashes: PMO_FINAL_ACCEPTANCE.json is the file received in the wrapper; all 7 committed delivery ZIPs (batch1–6 + final metadata closure) match PMO_FINAL_ACCEPTANCE.json (SHA-256 + byte size) and are preserved unchanged; the PMO package names production main be0a829 and the locked 84×98 / soil 68 / crown 42,68 canvas  — ["batch1-base.zip:true","batch2-cold-heat-corrected.zip:true","batch3-drought.zip:true","batch4-flood.zip:true","batch5-salt-radiation.zip:true","batch6-reproduction-dispersal.zip:true","final-pack-metadata-closure.zip:true"]
PASS  I2 · 55 approved component sprites accounted for: every approved PNG in the deliveries is in the atlas exactly once, no sprite 56 exists; the runtime has 92 = 55 authored + 37 mirrored left twins baked by the accepted build (not new art)  — {"authored":55,"deliveredPngs":55,"baked":37}
PASS  I3 · all approved metadata accounted for: every anchor / tip / 3 margin points == the studio manifests; contract category · family · attach · layer · orientation · trait / tier per component; the 6 approved Base masks (pigment + toothed × low / mid / high) reach the runtime bit for bit (pigment only on LEAF pixels, notches only on opaque pixels; left twins mirrored); every other leaf drawing uses the contract defaults (pigment auto, wax auto, no toothed mask — no invented mask); closure waxCore · environment · stemOutline ink exact  — {"bad":[],"closureOk":true,"maskBad":[],"policy":[]}
PASS  I4 · ONE converged Organic Hybrid palette: 18 materials (every contract material, ink 1 + 17 ramps × 4, dark → light), 69 unique plant colours; the environment (sky #7d8c96 #aeb4aa · soil #4a3d33 #3f332b #6b5b4c · turf #626b45) is separate from the plant palette; waxCore #465d4c #648466 #90ac83 #c2ce9d; render.stemOutline ink  — {"materials":18,"colours":69}
PASS  I5 · source → atlas → runtime pixel integrity: for all 55 approved sprites the opaque / transparent matrix and the exact RGB of every opaque pixel are identical in the source PNG, the atlas rect and the generated runtime (signatures recorded); same width × height (no resize), pixel-for-pixel in place (no rotation, no flip — the baked left twins are exact mirrors of the runtime right sprites)  — {"bad":[]}
PASS  I6 · binary alpha: no approved sprite has (or acquired) partial alpha — every source pixel and every atlas pixel is alpha 0 or 255
PASS  I7 · every approved opaque pixel maps to its correct material · shade (exact palette colour; materials ⊆ the studio's declared materials_used per sprite; no treatment-only colour authored); no unknown colour  — {"leaf.base.low":["ink","leaf","stem"],"leaf.base.mid":["ink","leaf","stem"],"leaf.base.high":["ink","leaf","stem"],"bud":["ink","leaf","stem"]}
PASS  I8 · anchors valid (inside every rect, == studio), every leaf tip + 3 margin points on an opaque pixel of its own drawing, every sprite ≤ its contract maxSize, no sprite or mask rect clipped or overlapping in the 160×147 atlas; the build's static proof places every real sprite at every socket it can take (17782 placements) inside 84×98  — []
PASS  I9 · deterministic: two clean intakes of the PMO deliveries give identical bytes == the committed atlas.png / atlas.json / intake-map.json; two clean builds == the committed generated runtime; npm run check:plant-art passes (check:plant-art OK — 3 generated files match a clean rebuild (fingerprint fa93cf)  — {"atlas":"160×147 4201 B","generated":"577028 B"}
# Node — real-art organism
PASS  R1 · all 28 required real-art states render with the ORGANIC HYBRID pack in the accepted compositor — BASE · COLD T1 · COLD T2 · COLD T3 · HEAT T1 · HEAT T2 · HEAT T3 · COLD T2 + HEAT T1 · DROUGHT T1 · DROUGHT T2 · DROUGHT T3 · DROUGHT T3 + HEAT T3 · FLOOD T1 · FLOOD T2 · FLOOD T3 · FLOOD T3 + HEAT T3 · SALT · RADIATION · COLD T2 + SALT · DROUGHT T2 + RADIATION · SEED OUTPUT T1 · SEED OUTPUT T2 · EARLY MATURITY · WATERBORNE SEEDS · EARLY MATURITY + SEED OUTPUT T2 · ALL REPRODUCTIVE · MAXIMAL LEGAL DRY · MAXIMAL LEGAL WET — every one unclipped inside 84×98, every treatment rendered, deterministic, and visibly distinct from every other  — {"dup":[],"bad":[]}
PASS  R2 · art cap with real art: Drought T4 / T5 / T9 draw EXACTLY the Drought T3 anatomy and pixels; Flood T4 / T5 / T9 EXACTLY Flood T3; no authored higher-tier asset exists  — ["drought4:true","drought5:true","drought9:true","flood4:true","flood5:true","flood9:true"]
PASS  R3 · MAXIMAL LEGAL DRY with real art fits 84×98 for every legal Cold/Heat split (3+0, 2+1, 1+2, 0+3), thriving and strained: legal, every required component present, no pixel clipped, ≥ 1 px clear of every edge (min margin 2 px)  — []
PASS  R4 · MAXIMAL LEGAL WET with real art fits 84×98 for every legal Cold/Heat split (3+0, 2+1, 1+2, 0+3), thriving and strained: legal, every required component present, no pixel clipped, ≥ 1 px clear of every edge (min margin 2 px)  — []
PASS  R5 · Cold ≠ Salt in real pixels: Cold T1–T3 draw FROST material only (blue-white hairs / wool collars), Salt draws SALT material only (warm-neutral faceted crystals + glands) plus the approved Base notches (exactly 3 px cut from each of the 6 Base leaves); Cold T2 + Salt shows both, separately  — {"notchPixels":18}
PASS  R6 · GHOST / OUTLINE preview with real art for every required transition (Base → Cold T1 · Cold T1 → Cold T2 · Base → Drought T1 · Drought T2 → Radiation · Base → Early Maturity · Seed Output T1 → T2 · Base → Waterborne Seeds) shows the change and never mutates the current frame (cancel = the current pixels, exactly)
PASS  R7 · GROW (default purchase FX) and DISSOLVE (secondary) with real art: start on the current frame, in-between frames touch only the changed pixels, ≥ 20 frames, and END byte-for-byte on the exact target render; reduced motion = one exact direct swap  — []
PASS  G1 · no gameplay / trait / balance change: BLOOM_DATA.traits and config identical after every render, preview and purchase (content/ byte-identical — S2)
# Browser — the review page (file:// · HTTP / · HTTP /bloom/)
PASS  [chromium · file] B1 · the review page boots (double-clicked file://) with no console error and no fetch / image decode (the generated atlas is a classic script); the real pack is first and labelled ORGANIC HYBRID — FINAL ART, the three proof packs stay labelled TEMPORARY PIPELINE PROOF — NOT FINAL ART; all 28 required real-art states: canvas pixels == the Node render, byte for byte, in every pack  — {"mism":[],"errs":[],"panels":["ORGANIC HYBRID — FINAL ART","TEMPORARY PIPELINE PROOF","TEMPORARY PIPELINE PROOF","TEMPORARY PIPELINE PROOF"]}
PASS  [chromium · file] B2 · no external request — works offline (everything file:)
PASS  [chromium · file] B3 · FINAL vs CURRENT PRODUCTION SVG mode (button or key C): the ORGANIC HYBRID final render and the unchanged production SVG side by side, fed the identical build  — []
PASS  [chromium · file] B4 · real room sizes: the same 84×98 Organic Hybrid organism at native 1×, 1024 → 2×, 1280 → 3×, 1440 → 3×, Field Journal → 3× and a 4× zoom (one pixel signature)  — ["native:84","room1024:168","room1280:252","room1440:252","journal:252","zoom4:336"]
PASS  [chromium · file] B5 · PREVIEW (ghost / outline) on → the real-art ghost (== the Node preview); off → the current pixels exactly, for all 7 required transitions  — []
PASS  [chromium · file] B6 · PURCHASE with real art in the page: Base → Cold T1 · Cold T1 → Cold T2 · Base → Drought T1 · Drought T2 → Radiation · Base → Early Maturity · Seed Output T1 → T2 · Base → Waterborne Seeds — GROW and DISSOLVE animate and END byte-for-byte on the exact target render in every pack; reduced motion = one exact swap  — []
PASS  [chromium · http] B1 · the review page boots (HTTP at /) with no console error and no fetch / image decode (the generated atlas is a classic script); the real pack is first and labelled ORGANIC HYBRID — FINAL ART, the three proof packs stay labelled TEMPORARY PIPELINE PROOF — NOT FINAL ART; all 28 required real-art states: canvas pixels == the Node render, byte for byte, in every pack  — {"mism":[],"errs":[],"panels":["ORGANIC HYBRID — FINAL ART","TEMPORARY PIPELINE PROOF","TEMPORARY PIPELINE PROOF","TEMPORARY PIPELINE PROOF"]}
PASS  [chromium · http] B2 · no external request — works offline (everything 127.0.0.1)
PASS  [chromium · http] B3 · FINAL vs CURRENT PRODUCTION SVG mode (button or key C): the ORGANIC HYBRID final render and the unchanged production SVG side by side, fed the identical build  — []
PASS  [chromium · subpath] B1 · the review page boots (HTTP under /bloom/) with no console error and no fetch / image decode (the generated atlas is a classic script); the real pack is first and labelled ORGANIC HYBRID — FINAL ART, the three proof packs stay labelled TEMPORARY PIPELINE PROOF — NOT FINAL ART; all 28 required real-art states: canvas pixels == the Node render, byte for byte, in every pack  — {"mism":[],"errs":[],"panels":["ORGANIC HYBRID — FINAL ART","TEMPORARY PIPELINE PROOF","TEMPORARY PIPELINE PROOF","TEMPORARY PIPELINE PROOF"]}
PASS  [chromium · subpath] B2 · no external request — works offline (everything 127.0.0.1)
PASS  [chromium · subpath] B3 · FINAL vs CURRENT PRODUCTION SVG mode (button or key C): the ORGANIC HYBRID final render and the unchanged production SVG side by side, fed the identical build  — []
PASS  [firefox · file] B1 · the review page boots (double-clicked file://) with no console error and no fetch / image decode (the generated atlas is a classic script); the real pack is first and labelled ORGANIC HYBRID — FINAL ART, the three proof packs stay labelled TEMPORARY PIPELINE PROOF — NOT FINAL ART; all 28 required real-art states: canvas pixels == the Node render, byte for byte, in every pack  — {"mism":[],"errs":[],"panels":["ORGANIC HYBRID — FINAL ART","TEMPORARY PIPELINE PROOF","TEMPORARY PIPELINE PROOF","TEMPORARY PIPELINE PROOF"]}
PASS  [firefox · file] B2 · no external request — works offline (everything file:)
PASS  [firefox · file] B3 · FINAL vs CURRENT PRODUCTION SVG mode (button or key C): the ORGANIC HYBRID final render and the unchanged production SVG side by side, fed the identical build  — []
PASS  [firefox · file] B4 · real room sizes: the same 84×98 Organic Hybrid organism at native 1×, 1024 → 2×, 1280 → 3×, 1440 → 3×, Field Journal → 3× and a 4× zoom (one pixel signature)  — ["native:84","room1024:168","room1280:252","room1440:252","journal:252","zoom4:336"]
PASS  [firefox · file] B5 · PREVIEW (ghost / outline) on → the real-art ghost (== the Node preview); off → the current pixels exactly, for all 7 required transitions  — []
PASS  [firefox · file] B6 · PURCHASE with real art in the page: Base → Cold T1 · Cold T1 → Cold T2 · Base → Drought T1 · Drought T2 → Radiation · Base → Early Maturity · Seed Output T1 → T2 · Base → Waterborne Seeds — GROW and DISSOLVE animate and END byte-for-byte on the exact target render in every pack; reduced motion = one exact swap  — []
PASS  [firefox · http] B1 · the review page boots (HTTP at /) with no console error and no fetch / image decode (the generated atlas is a classic script); the real pack is first and labelled ORGANIC HYBRID — FINAL ART, the three proof packs stay labelled TEMPORARY PIPELINE PROOF — NOT FINAL ART; all 28 required real-art states: canvas pixels == the Node render, byte for byte, in every pack  — {"mism":[],"errs":[],"panels":["ORGANIC HYBRID — FINAL ART","TEMPORARY PIPELINE PROOF","TEMPORARY PIPELINE PROOF","TEMPORARY PIPELINE PROOF"]}
PASS  [firefox · http] B2 · no external request — works offline (everything 127.0.0.1)
PASS  [firefox · http] B3 · FINAL vs CURRENT PRODUCTION SVG mode (button or key C): the ORGANIC HYBRID final render and the unchanged production SVG side by side, fed the identical build  — []
PASS  [firefox · subpath] B1 · the review page boots (HTTP under /bloom/) with no console error and no fetch / image decode (the generated atlas is a classic script); the real pack is first and labelled ORGANIC HYBRID — FINAL ART, the three proof packs stay labelled TEMPORARY PIPELINE PROOF — NOT FINAL ART; all 28 required real-art states: canvas pixels == the Node render, byte for byte, in every pack  — {"mism":[],"errs":[],"panels":["ORGANIC HYBRID — FINAL ART","TEMPORARY PIPELINE PROOF","TEMPORARY PIPELINE PROOF","TEMPORARY PIPELINE PROOF"]}
PASS  [firefox · subpath] B2 · no external request — works offline (everything 127.0.0.1)
PASS  [firefox · subpath] B3 · FINAL vs CURRENT PRODUCTION SVG mode (button or key C): the ORGANIC HYBRID final render and the unchanged production SVG side by side, fed the identical build  — []

OK — 45/45 checks passed (41 s)
