# Node — scope
PASS  1 · 032C starts from the exact integrated BLOOM-032B2 main ea1b785  — {"firstParent":"ea1b785","originMain":"5ff53d3"}
PASS  38 · no gameplay / trait / balance change: all 100 files under content/, planets/, index.html, dist/, resources/ and art/ are byte-identical to ea1b785 except the specimen adapter and its two style sheets — the rules, the sim, decision-rooms.js, run-report.js, the adapter, training, the accepted sprite pipeline (model, selector, compositor, FX, generated atlas) and the approved art are untouched  — {"diff":[],"outside":[]}
PASS  2 · the production run page loads the accepted classic sprite runtime (generated atlas → model → selector → compositor → FX) BEFORE plant-specimen.js, which loads before decision-rooms.js and run-report.js; no module-only loading, no fetch, no image decode; the specimen selects pack organic-hybrid  — {"order":[20,21,22,23,24,25,27,29]}
PASS  3 · the provisional 029C SVG is NOT the production path: plant-specimen.js builds no SVG and no markup; the retired renderer survives only as resources/plant-sprite-lab/legacy-svg-specimen.js (BLOOM.legacyPlantSpecimen), loaded by the developer lab page alone — never by demo-run.html / index.html  — {"legacyUsers":["demos/plant-sprite-pipeline-lab.html"]}
# Node — the organism through the production adapter
PASS  11–23 · every required state renders through the production adapter as the real organic-hybrid compositor organism, unclipped and distinct: base · cold1 · cold2 · cold3 · heat1 · heat2 · heat3 · cold2heat1 · drought1 · drought2 · drought3 · flood1 · flood2 · flood3 · salt · rad · seed1 · seed2 · early · water · maxDry · maxWet  — {"dup":[],"bad":[]}
PASS  22 · 23 · maximal legal dry and wet fit 84×98 thriving and stressed (≥ 1 px clear); Drought / Flood T4 · T5 · T9 draw exactly the T3 organism (art cap)  — {"margins":[2,2,13,13]}
PASS  9 · 33–36 · GLOBAL vs LOCAL: one owned genome keeps ONE organism signature through every local colony state, while establishment (sprout density), growth focus (roots / leaves / seeds), local upgrades (root network / leaf canopy / seed reserve), stress (warn and bad → the one accepted strained posture), no colony (ghost) and unviable (desaturated) each change only the presentation; local extras never overwrite an organism pixel  — {"globals":1,"displays":12}
PASS  24 · 25 · preview = the accepted GHOST / OUTLINE of current → the REAL next tier (never mutates the owned organism); cancelling returns EXACTLY to the current pixels  — []
PASS  30 · 31 · the seven logical parts (seedHead · pigment · flowers · leafShape · pods · stem · roots) map onto real placements: each highlight visibly changes the picture, each anchor sits ON a visible organism pixel, and anchors keep the rooms' top → bottom tendril order (Adapt: pigment < leaf shape < stem < roots · Spread: seed head < flowers < pods) in every state  — []
PASS  G1 · rendering, previewing and highlighting never touch BLOOM_DATA (traits, config)
# Browser
# chromium 147.0.7727.15
PASS  [chromium] 42 · 4 · double-clicked file://: Region Inspect shows the real Organic Hybrid canvas (no SVG), its pixels == the adapter's draw == the Node render, byte for byte; no console error; 45 · offline: no request leaves file:  — {"pack":"organic-hybrid","canvas":"2341bc80","expect":"2341bc80","nodeEq":true,"errs":[],"ext":[]}
PASS  [chromium] 43 · 4 · HTTP /: Region Inspect shows the real Organic Hybrid canvas (no SVG), its pixels == the adapter's draw == the Node render, byte for byte; no console error; every request local  — {"pack":"organic-hybrid","canvas":"2341bc80","expect":"2341bc80","nodeEq":true,"errs":[],"ext":[]}
PASS  [chromium] 44 · 4 · HTTP under /bloom/: Region Inspect shows the real Organic Hybrid canvas (no SVG), its pixels == the adapter's draw == the Node render, byte for byte; no console error; every request local  — {"pack":"organic-hybrid","canvas":"2341bc80","expect":"2341bc80","nodeEq":true,"errs":[],"ext":[]}
PASS  [chromium] 32 · region switch: the specimen re-renders the new region's local colony exactly (no FX replay; same global organism signature)  — {"a":"2341bc80","b":"2341bc80","fx":null}
PASS  [chromium] 5 · 24 · 25 · 30 · Adapt: hovering Cold Tolerance shows the accepted GHOST / OUTLINE of the real next tier with the Temperature part (stem) highlighted — canvas == adapter pixels, PREVIEW tag, accessible text "Previewing" — and leaving returns EXACTLY to the current organism; the owned genome never changes  — {"cur":"2341bc80","pv":"3fdb61b3","off":"2341bc80","aria":"Your plant: no adaptations yet. Previewing Cold Tolerance."}
PASS  [chromium] 31 · every category anchor (client px) lies inside the specimen canvas on a visible organism pixel  — {"seedHead":{"x":149.82296789260138,"y":145.39718319120863,"inside":true,"onPx":true},"pigment":{"x":176.821532476516,"y":175.3955882844471,"inside":true,"onPx":true},"flowers":{"x":137.823605855306,"y":211.39367439633327,"inside":true,"onPx":true},"leafShape":{"x":188.8208945138114,"y":232.39255796160018,"inside":true,"onPx":true},"pods":{"x":125.82424381801061,"y":289.3895276387533,"inside":true,"onPx":true},"stem":{"x":152.82280840192524,"y":280.39000611078177,"inside":true,"onPx":true},"roots":{"x":152.82280840192524,"y":358.38585935320174,"inside":true,"onPx":true}}
PASS  [chromium] 26 · 27 · buying Cold Tolerance (the page's real bloom:upgrade-purchase) GROWS the change into the specimen (30 frames) and the last frame is EXACTLY the new committed organism; the specimen then shows exactly the adapter's pixels (the still-hovered next-tier preview, then the plain organism)  — {"fx":{"seq":1,"endSig":"ebf9743c","targetSig":"ebf9743c","exact":true,"style":"grow","frames":30,"ms":642},"mid":{"animating":true,"pending":true},"afterEq":true,"offEq":true,"cold":[0,1]}
PASS  [chromium] 28 · ordinary re-renders — a sim tick, Back + reopening the room, a hover preview, a region selection — never replay the GROW (one FX per purchase)  — {"seq":1,"later":1}
PASS  [chromium] 46 · keyboard: focusing a node previews it (accessible text says so); Enter buys it and the specimen grows it exactly  — {"aria":"Your plant: Cold Tolerance. Previewing Salt Handling.","fx":{"seq":2,"endSig":"acb016fa","targetSig":"acb016fa","exact":true,"style":"grow","frames":29,"ms":624}}
PASS  [chromium] 6 · Spread renders the real pack; Seed Output previews as ghost / outline (seed head highlighted) and its real purchase grows exactly  — {"fx":{"seq":3,"endSig":"8bce09fa","targetSig":"8bce09fa","exact":true,"style":"grow","frames":29,"ms":625}}
PASS  [chromium] 9 · 10 · the same owned genome draws the SAME organism (one signature) in Region Inspect, Adapt and Spread; a real Terraform purchase (warm) changes the sky only — the organism signature is unchanged  — {"sig":{"region":"f22e9965","adapt":"f22e9965","spread":"f22e9965"},"tf":{"id":"warm","ok":true},"after":"f22e9965"}
PASS  [chromium] 39 · 40 · 41 · one 84×98 organism at a whole-number nearest-neighbour scale — 1024×768 → 2×, 1280×800 → 3×, 1440×900 → 3× — the drawn content box exactly 84k × 98k (no border / padding / max-size shrinking it), pixels exact and every anchor on the anatomy after each resize  — {"1024x768":{"scale":2,"box":true,"k":2,"anchors":true,"exact":true,"render":"pixelated"},"1440x900":{"scale":3,"box":true,"k":3,"anchors":true,"exact":true,"render":"pixelated"},"1280x800":{"scale":3,"box":true,"k":3,"anchors":true,"exact":true,"render":"pixelated"}}
PASS  [chromium] 33 · 34 · the real growth focus (roots / leaves / seeds, set through the page's own action) changes only the LOCAL presentation of the specimen in Region Inspect; the global organism signature stays identical; establishment 3 % is shown as colony sprouts  — {"base":"2341bc80","roots":"c0838845","leaves":"5fae6334","seeds":"23a355f0"}
PASS  [chromium] 14 · 35 · 36 · stressed (seen), no-colony ghost (seen) and would-not-survive (seen) regions draw exactly the adapter's local presentation of the SAME global organism (stress = the accepted strained posture, reached through real Terraform purchases)  — {"empty":{"exact":true,"global":true,"cls":"ps ghost","cond":"ok","living":false,"viable":true},"blocked":{"exact":true,"global":true,"cls":"ps ghost unviable","cond":"bad","living":false,"viable":false},"stressed":{"exact":true,"global":true,"cls":"ps stressed unviable","cond":"bad","living":true,"viable":false,"differsFromThriving":true}}
PASS  [chromium] 29 · reduced motion (OS setting): the purchase is one exact direct swap to the target  — {"seq":1,"endSig":"4f9115e7","targetSig":"4f9115e7","exact":true,"style":"reduced","frames":1,"ms":0}
PASS  [chromium] 7 · 37 · Bloom Report (win): the report's specimen is the real Organic Hybrid organism at 3×, pixels exact, from the SAME owned genome as gameplay (same organism signature as the Adapt room); Terraform is listed apart and does not alter anatomy  — {"scale":3,"traits":{"cold":1},"owned":{"cold":1},"global":["a8185b54","a8185b54"]}
PASS  [chromium] 37 · Extinction report (loss): the real organism in its restrained unviable presentation, pixels exact  — {"cls":"ps ghost unviable","scale":3}
PASS  [chromium] 8 · Guided Training uses the real rooms: Adapt shows the real Organic Hybrid specimen; a preview does not move the training director (lesson "start" before and after)  — {"d0":{"cur":"start"},"d1":{"cur":"start"},"errs":[]}
PASS  [chromium] 47 · 48 · no console error and no unhandled promise rejection on any page  — {"errs":[],"rej":[]}
PASS  [chromium] 49 · chromium 147.0.7727.15 ran every flow above
# firefox 148.0.2
PASS  [firefox] 42 · 4 · double-clicked file://: Region Inspect shows the real Organic Hybrid canvas (no SVG), its pixels == the adapter's draw == the Node render, byte for byte; no console error; 45 · offline: no request leaves file:  — {"pack":"organic-hybrid","canvas":"2341bc80","expect":"2341bc80","nodeEq":true,"errs":[],"ext":[]}
PASS  [firefox] 43 · 4 · HTTP /: Region Inspect shows the real Organic Hybrid canvas (no SVG), its pixels == the adapter's draw == the Node render, byte for byte; no console error; every request local  — {"pack":"organic-hybrid","canvas":"2341bc80","expect":"2341bc80","nodeEq":true,"errs":[],"ext":[]}
PASS  [firefox] 44 · 4 · HTTP under /bloom/: Region Inspect shows the real Organic Hybrid canvas (no SVG), its pixels == the adapter's draw == the Node render, byte for byte; no console error; every request local  — {"pack":"organic-hybrid","canvas":"2341bc80","expect":"2341bc80","nodeEq":true,"errs":[],"ext":[]}
PASS  [firefox] 32 · region switch: the specimen re-renders the new region's local colony exactly (no FX replay; same global organism signature)  — {"a":"2341bc80","b":"2341bc80","fx":null}
PASS  [firefox] 5 · 24 · 25 · 30 · Adapt: hovering Cold Tolerance shows the accepted GHOST / OUTLINE of the real next tier with the Temperature part (stem) highlighted — canvas == adapter pixels, PREVIEW tag, accessible text "Previewing" — and leaving returns EXACTLY to the current organism; the owned genome never changes  — {"cur":"2341bc80","pv":"3fdb61b3","off":"2341bc80","aria":"Your plant: no adaptations yet. Previewing Cold Tolerance."}
PASS  [firefox] 31 · every category anchor (client px) lies inside the specimen canvas on a visible organism pixel  — {"seedHead":{"x":149.8000030517578,"y":145.38333129882812,"inside":true,"onPx":true},"pigment":{"x":176.8000030517578,"y":175.38333129882812,"inside":true,"onPx":true},"flowers":{"x":137.8000030517578,"y":211.38333129882812,"inside":true,"onPx":true},"leafShape":{"x":188.8000030517578,"y":232.38333129882812,"inside":true,"onPx":true},"pods":{"x":125.80000305175781,"y":289.3833312988281,"inside":true,"onPx":true},"stem":{"x":152.8000030517578,"y":280.3833312988281,"inside":true,"onPx":true},"roots":{"x":152.8000030517578,"y":358.3833312988281,"inside":true,"onPx":true}}
PASS  [firefox] 26 · 27 · buying Cold Tolerance (the page's real bloom:upgrade-purchase) GROWS the change into the specimen (26 frames) and the last frame is EXACTLY the new committed organism; the specimen then shows exactly the adapter's pixels (the still-hovered next-tier preview, then the plain organism)  — {"fx":{"seq":1,"endSig":"ebf9743c","targetSig":"ebf9743c","exact":true,"style":"grow","frames":26,"ms":634},"mid":{"animating":true,"pending":true},"afterEq":true,"offEq":true,"cold":[0,1]}
PASS  [firefox] 28 · ordinary re-renders — a sim tick, Back + reopening the room, a hover preview, a region selection — never replay the GROW (one FX per purchase)  — {"seq":1,"later":1}
PASS  [firefox] 46 · keyboard: focusing a node previews it (accessible text says so); Enter buys it and the specimen grows it exactly  — {"aria":"Your plant: Cold Tolerance. Previewing Salt Handling.","fx":{"seq":2,"endSig":"acb016fa","targetSig":"acb016fa","exact":true,"style":"grow","frames":23,"ms":624}}
PASS  [firefox] 6 · Spread renders the real pack; Seed Output previews as ghost / outline (seed head highlighted) and its real purchase grows exactly  — {"fx":{"seq":3,"endSig":"8bce09fa","targetSig":"8bce09fa","exact":true,"style":"grow","frames":25,"ms":624}}
PASS  [firefox] 9 · 10 · the same owned genome draws the SAME organism (one signature) in Region Inspect, Adapt and Spread; a real Terraform purchase (warm) changes the sky only — the organism signature is unchanged  — {"sig":{"region":"f22e9965","adapt":"f22e9965","spread":"f22e9965"},"tf":{"id":"warm","ok":true},"after":"f22e9965"}
PASS  [firefox] 39 · 40 · 41 · one 84×98 organism at a whole-number nearest-neighbour scale — 1024×768 → 2×, 1280×800 → 3×, 1440×900 → 3× — the drawn content box exactly 84k × 98k (no border / padding / max-size shrinking it), pixels exact and every anchor on the anatomy after each resize  — {"1024x768":{"scale":2,"box":true,"k":2,"anchors":true,"exact":true,"render":"crisp-edges"},"1440x900":{"scale":3,"box":true,"k":3,"anchors":true,"exact":true,"render":"crisp-edges"},"1280x800":{"scale":3,"box":true,"k":3,"anchors":true,"exact":true,"render":"crisp-edges"}}
PASS  [firefox] 33 · 34 · the real growth focus (roots / leaves / seeds, set through the page's own action) changes only the LOCAL presentation of the specimen in Region Inspect; the global organism signature stays identical; establishment 3 % is shown as colony sprouts  — {"base":"2341bc80","roots":"c0838845","leaves":"5fae6334","seeds":"23a355f0"}
PASS  [firefox] 14 · 35 · 36 · stressed (seen), no-colony ghost (seen) and would-not-survive (seen) regions draw exactly the adapter's local presentation of the SAME global organism (stress = the accepted strained posture, reached through real Terraform purchases)  — {"empty":{"exact":true,"global":true,"cls":"ps ghost","cond":"ok","living":false,"viable":true},"blocked":{"exact":true,"global":true,"cls":"ps ghost unviable","cond":"bad","living":false,"viable":false},"stressed":{"exact":true,"global":true,"cls":"ps stressed unviable","cond":"bad","living":true,"viable":false,"differsFromThriving":true}}
PASS  [firefox] 29 · reduced motion (OS setting): the purchase is one exact direct swap to the target  — {"seq":1,"endSig":"4f9115e7","targetSig":"4f9115e7","exact":true,"style":"reduced","frames":1,"ms":0}
PASS  [firefox] 7 · 37 · Bloom Report (win): the report's specimen is the real Organic Hybrid organism at 3×, pixels exact, from the SAME owned genome as gameplay (same organism signature as the Adapt room); Terraform is listed apart and does not alter anatomy  — {"scale":3,"traits":{"cold":1},"owned":{"cold":1},"global":["a8185b54","a8185b54"]}
PASS  [firefox] 37 · Extinction report (loss): the real organism in its restrained unviable presentation, pixels exact  — {"cls":"ps ghost unviable","scale":3}
PASS  [firefox] 8 · Guided Training uses the real rooms: Adapt shows the real Organic Hybrid specimen; a preview does not move the training director (lesson "start" before and after)  — {"d0":{"cur":"start"},"d1":{"cur":"start"},"errs":[]}
PASS  [firefox] 47 · 48 · no console error and no unhandled promise rejection on any page  — {"errs":[],"rej":[]}
PASS  [firefox] 50 · firefox 148.0.2 ran every flow above

OK — 50/50 checks passed (101 s)
