# Node — scope
PASS  S1 · 032B1 starts from the exact accepted BLOOM-031 production main bba000f  — {"firstParent":"bba000f","originMain":"5ff53d3"}
PASS  S2 · no gameplay / production file changed: all 118 files under resources/, content/, planets/, demos/, index.html and dist/ at bba000f are byte-identical (incl. resources/run-ui/plant-specimen.js and content/traits.js); 032B1 only ADDS art/plant/, resources/plant-visual/, resources/plant-sprite-lab/, the proof page, its build + check tools, docs (and two npm scripts)  — {"prodDiff":[],"outside":[]}
PASS  S3 · the 032A lab is reference only: handoff/bloom-032a-review is still c561a34, none of its files is in 032B1, and the 032A lab's production files (plant-specimen.js etc.) stay untouched  — {"lab":"c561a34","overlap":[]}
PASS  S4 · npm --prefix tools run build:plant-art / check:plant-art exist; no new dependency (the plant build uses Node built-ins only)  — {"build:portable":"node build-portable.mjs","check:portable":"node build-portable.mjs --check","build:plant-art":"node build-plant-art.mjs","check:plant-art":"node build-plant-art.mjs --check"}
# Node — source art + build
PASS  A1–A3 · source art is real PNG atlases + JSON metadata (organic-hybrid, proof, proof-angular, proof-cinder-rosette, proof-reed-spire, proof-round, proof-woolly-candle); all parse; every sprite / mask rect is inside its image; every anchor and attachment point lies inside its rect; every proof pack is labelled TEMPORARY PIPELINE PROOF — NOT FINAL ART (the approved organic-hybrid pack: FINAL ART)  — {"info":{"organic-hybrid":{"image":"160×147","bytes":4201,"sprites":55,"status":"ORGANIC HYBRID — FINAL ART (PMO-approved; BLOOM-032B2 intake)"},"proof":{"image":"224×188","bytes":3767,"sprites":55,"status":"TEMPORARY PIPELINE PROOF — NOT FINAL ART"},"proof-angular":{"image":"224×192","bytes":3953,"sprites":55,"status":"TEMPORARY PIPELINE PROOF — NOT FINAL ART"},"proof-cinder-rosette":{"image":"256×159","bytes":3775,"sprites":60,"status":"TEMPORARY PIPELINE PROOF — NOT FINAL ART"},"proof-reed-spire":{"image":"256×69","bytes":2364,"sprites":53,"status":"TEMPORARY PIPELINE PROOF — NOT FINAL ART"},"proof-round":{"image":"224×146","bytes":3256,"sprites":55,"status":"TEMPORARY PIPELINE PROOF — NOT FINAL ART"},"proof-woolly-candle":{"image":"256×124","bytes":3244,"sprites":58,"status":"TEMPORARY PIPELINE PROOF — NOT FINAL ART"}},"bad":[]}
PASS  P0 · FINAL_PACKS per body plan: oh-stem: organic-hybrid / proof / proof-angular / proof-round · rosette: proof-cinder-rosette · reed: proof-reed-spire · candle: proof-woolly-candle — only organic-hybrid (oh-stem@1) is final; every other pack is TEMPORARY PIPELINE PROOF — NOT FINAL ART  — {"finals":["organic-hybrid"],"wrongPlan":[]}
PASS  A5 · the machine-readable schema accepts all 7 packs and the annotated example entries, and rejects a malformed pack (19 errors)  — {"errs":{},"ex":[]}
PASS  A4 · the build validator enforces the art contract: an untouched copy builds, and each of 12 broken-art cases is rejected with its specific error  — {"off-palette pixel":"rejected","partial alpha":"rejected","rect out of bounds":"rejected","overlapping rects":"rejected","anchor outside rect":"rejected","missing angle variant":"rejected","auto mask for a clear treatment":"rejected","stray pixel":"rejected","sprite clips at a socket (body plan moved)":"rejected","metadata disagrees with contract":"rejected","id convention":"rejected","unknown mask":"rejected"}
PASS  D1 · the build is deterministic: two in-process builds and two separate CLI runs into fresh directories give byte-identical files  — resources/plant-visual/generated/plant-atlas.js, resources/plant-visual/plant-components.js, resources/plant-visual/generated/plant-atlas-manifest.json
PASS  D2 · committed generated output == a clean rebuild (npm --prefix tools run check:plant-art exits 0)  — fa93cf2b68dfebdc
PASS  D3 · no timestamp, absolute path, user or machine name in the generated output
PASS  D4 · no sprite is authored in JS: the hand-written runtime (model, selector, compositor, FX, page) contains no pixel strings or pixel data; the only pixels are in the GENERATED file, which is a byte-exact build of the PNGs; every runtime sprite id comes from an atlas.json  — {"offenders":[],"sprites":55}
# Node — renderer
PASS  R1 · ONE canonical plant canvas: every build, pack and condition renders at 84×98  — 84×98
PASS  R2 · trait rule separation: the model maps real traits to visual axes (cold T2 → compact 2 + frost 2 …), the selector maps axes to component ids (BASE = closed apical + axillary buds only), and the compositor / FX name no trait, tier rule, price or BLOOM_DATA  — {"named":[],"pricey":false,"maxDry":["bud.axil","flower","frost.collar.2","frost.hair.2","leaf.drought.3","pod","root.storage.3","salt.crystal","salt.gland","seed.drift","seedHead.large","seedHead.small"]}
PASS  R3 · all 24 locked states are distinct organisms in every pack (22 distinct anatomies: only Drought T4 / Flood T4 share T3's, by the art cap): each differs from BASE by ≥ 30 px and from every other state by ≥ 20 px  — {"organic-hybrid":{"distinct":22,"minPair":49,"minFromBase":49},"proof":{"distinct":22,"minPair":56,"minFromBase":56},"proof-angular":{"distinct":22,"minPair":49,"minFromBase":49},"proof-round":{"distinct":22,"minPair":69,"minFromBase":69}}
PASS  R4 · every locked state composes with no pixel clipped, in every pack, thriving and strained (and gameplay tiers far above the art cap); the build's static proof places every sprite at every socket — and every leaf-point detail on every leaf drawing — inside the canvas  — {"clips":[],"placements":35}
PASS  R5 · the skeleton chooses placement: every sprite's anchor pixel lands exactly on its body-plan socket; the manifest's per-socket size budget (117 sockets) is the renderer's own socket table  — {"off":[]}
PASS  R6 · swapping only the art pack (organic-hybrid / proof / proof-angular / proof-round) re-skins every state — same components on the same sockets (surface details ride on each pack's own leaf points), entirely different pixels — with no renderer change  — []
PASS  R7 · Radiation is a pure surface treatment (recolour shade-for-shade, no pixel added or moved) applied through each sprite's authored pigment MASK (the proof pack masks only the leaf base); strain steps every leaf to the next lower AUTHORED angle variant (no rotation)  — {"recoloured":233,"leafPx":236,"leafLeftGreen":114}
# Node — preview + FX
PASS  F1 · GHOST / OUTLINE preview shows the proposed change (ghosted new pixels, thinned removals, a traced outline) without mutating the current frame — cancel = repaint the unchanged current frame, exactly  — 16 previews
PASS  F2 · GROW and DISSOLVE start on the current frame, pass through genuine in-between frames that touch ONLY the changed pixels, and end EXACTLY on the target frame (every pack, structural, surface and reproductive mutations)  — {"organic-hybrid:base→cold2":{"diff":1276,"previewDiffers":true,"curIntact":true,"anchors":34,"grow":{"exact":true,"mid":true,"start":true,"leak":0},"dissolve":{"exact":true,"mid":true,"start":true,"leak":0}},"proof:base→cold2":{"diff":802,"previewDiffers":true,"curIntact":true,"anchors":34,"grow":{"exact":true,"mid":true,"start":true,"leak":0},"dissolve":{"exact":true,"mid":true,"start":true,"leak":0}},"proof-angular:base→cold2":{"diff":743,"previewDiffers":true,"curIntact":true,"anchors":34,"grow":{"exact":true,"mid":true,"start":true,"leak":0},"dissolve":{"exact":true,"mid":true,"start":true,"leak":0}},"proof-round:base→cold2":{"diff":769,"previewDiffers":true,"curIntact":true,"anchors":34,"grow":{"exact":true,"mid":true,"start":true,"leak":0},"dissolve":{"exact":true,"mid":true,"start":true,"leak":0}}}
PASS  F3 · reduced motion = a short direct swap: exactly one frame, the target; the animated path plays ≥ 20 frames and also ends on the target  — {"reduced":{"style":"reduced","frames":1,"ms":0},"animated":{"frames":39,"ms":624}}
# Node — the locked Organic Hybrid contract
PASS  N1 · every locked trait / tier normalizes onto its visual axis (Cold → architecture + insulation, Heat → leaf orientation + wax, Drought / Flood → primary leaf + roots, Salt / Radiation → surface, Seed Output / Early Maturity / Waterborne → reproductive), and all 24 proof states — incl. both maximal builds — are LEGAL under the real rules  — {"bad":[],"illegal":[]}
PASS  N2 · all 34 contract component slots of the locked vocabulary exist (BASE leaves + buds · Cold T1–T3 hairs + T2/T3 collars · Heat T3 leaf variants for every structure + wax levels 1–3 · Drought T1–T3 + T2/T3 storage roots · Flood T1–T3 + aerial T1–T3 + stilt · Salt gland + crystal + toothed mask · Radiation pigment · flower · T1/T2 dry heads + drift · pod) and every pack provides every sprite (no T4+ asset exists)  — {"missing":[],"treat":[],"packMiss":{"organic-hybrid":[],"proof":[],"proof-angular":[],"proof-round":[]},"noT4":[]}
PASS  N3 · Cold T2 + Heat T1 is legal and reads as ONE organism with BOTH axes: Cold's compact layout, collars and frost hairs + Heat's wax sheen and lifted authored angles (≠ Cold T2 alone, ≠ Heat T1 alone); Cold and Heat are never exclusive — only the shared temperature pool (cold + heat ≤ 3) limits them  — {"c2":["bud","bud.axil","frost.collar.2","frost.hair.2","leaf.base"],"ch":["bud","bud.axil","frost.collar.2","frost.hair.2","leaf.base"],"angle":{"shift":1,"cap":"mid"}}
PASS  N4 · Drought and Flood remain mutually exclusive: the real rules reject a both-arms build; no state ever selects drought and flood components together (one PRIMARY leaf structure at a time)  — ["drought and flood together (one water strategy)"]
PASS  N5 · art cap: Drought T4 / T5 / T9 and Flood T4 / T5 / T9 render byte-identical anatomy (and pixels) to authored T3 in every pack, alone and inside the maximal builds — no T4+ asset is requested  — 24 comparisons
PASS  N6 · Salt ≠ Cold: Cold resolves only to FROST-family components (hairs, wool collars), Salt only to SALT-family components (glands, faceted crystals) + the toothed treatment; no component id serves both; with both traits they never share a leaf point; salt and frost have separate material ramps  — {"cold":["frost.hair.1","frost.collar.2","frost.hair.2","frost.collar.3","frost.hair.3"],"salt":["salt.crystal","salt.gland"],"both":[],"contractOverlap":[],"clash":[]}
PASS  N7 · Waterborne Seeds has real sockets: pod.0 / pod.1 (low side stalks) in all 4 layouts; both pods hang exactly from their sockets on procedural stalks; the pod family is separate from flowers and dry seed heads  — [["pod.0",34,58],["pod.1",54,52]]
PASS  N8 · MAXIMAL LEGAL DRY (temperature pool + Drought T3 + Salt + Radiation + Seed Output T2 + Early Maturity + Waterborne Seeds) fits the 84×98 canvas for every legal Cold/Heat split (3+0, 2+1, 1+2, 0+3), every pack, thriving and strained: legal, every required component present, no pixel clipped, ≥ 1 px clear of every edge, deterministic  — {"cases":32,"minMargin":2,"bad":[]}
PASS  N9 · MAXIMAL LEGAL WET (temperature pool + Flood T3 + Salt + Radiation + Seed Output T2 + Early Maturity + Waterborne Seeds) fits the 84×98 canvas for every legal Cold/Heat split (3+0, 2+1, 1+2, 0+3), every pack, thriving and strained: legal, every required component present, no pixel clipped, ≥ 1 px clear of every edge, deterministic  — {"cases":32,"minMargin":2,"bad":[]}
PASS  N10 · the socket table covers leaf sockets, stem nodes / collars, axils, apex, flower branch, seed-head branches, pod branches, drift points, root crown, primary root, aerial-root and stilt-root anchors (117 sockets, all inside the canvas); every leaf drawing declares a tip + 3 margin points; the build statically proves 17782 / 17782 / 17782 / 17782 placements (every sprite at every socket, every leaf-point detail on every leaf drawing)  — {"out":[],"kinds":["leafSocket","stemNode","axil","apex","flower","seedHead","pod","drift","stiltRoot","rootCrown","primaryRoot","aerialRoot"]}
PASS  N11 · the ghost / outline preview shows every new mutation class — structural (Cold T1→T3 architecture, Drought / Flood T1→T3, Heat T3 leaf form), surface (wax T1/T2, salt, pigment, Heat over Cold) and reproductive (dry heads, flower, pods) — and never mutates the current frame  — 68 previews
PASS  N12 · GROW (the default purchase FX) and DISSOLVE start on the current frame and end EXACTLY on the target for every structural, surface and reproductive change in every pack; reduced motion is one exact direct swap  — 136 animations · bad []
PASS  G1 · no trait / mechanic change: BLOOM_DATA.traits and config are identical after every render, preview and purchase
PASS  H1 · docs ARTIST_HANDOFF covers all 17 contract points (canvas, pixel format, transparency, palette, rect, anchor, layers, orientations, naming, trait/tier, categories, masks, sockets, size budget, angles, build, adding sprites) and its socket table matches the generated manifest  — {"hs":[],"missing":[],"comps":[]}
PASS  P1 · portable contract: the generated atlas and pipeline are classic scripts with no fetch / image decode / dynamic import (synchronous over file://); the GitHub Pages site build (tools/build-pages-site.mjs, unchanged) ships them automatically under resources/; and esbuild — the portable runtime's bundler — bundles them as plain imports with the identical atlas  — {"bundled":true}
PASS  [chromium · file] B1 · the proof page boots (double-clicked file://) with no console error, the generated atlas loaded synchronously, the TEMPORARY PIPELINE PROOF banner shown, and every locked state's canvas pixels == the Node render, byte for byte, in all 7 packs  — {"mism":[],"errs":[],"loaded":11}
PASS  [chromium · file] B2 · no external request (everything file:)
PASS  [chromium · file] B3 · the SAME organism at every production placement: one 84×98 canvas with the identical pixel signature, shown at whole-number nearest-neighbour scales — native 1×, Adapt/Spread/Region 1024 → 2×, 1280 → 3×, 1440 → 3×, Field Journal → 3× (+ a 4× zoom)  — ["native:84×98","room1024:168×196","room1280:252×294","room1440:252×294","journal:252×294","zoom4:336×392"]
PASS  [chromium · file] B4 · Preview (Cold Tolerance → T1) shows the ghost / outline in every pack; cancelling restores the current pixels EXACTLY
PASS  [chromium · file] B5 · Purchase (visual only): GROW and DISSOLVE animate in every pack and land EXACTLY on the target pixels; reduced motion lands exactly on the target in a single direct swap  — {"grow":{"ok":true,"frames":[38,38,38,38],"style":"grow"},"dissolve":{"ok":true,"frames":[35,35,35,36],"style":"dissolve"},"reduced":{"ok":true,"frames":[1,1,1,1],"style":"reduced"}}
PASS  [chromium · file] B6 · the current production SVG (resources/run-ui/plant-specimen.js, unchanged) is shown beside the packs, fed the same build  — {"sig":"e628b7f3","traits":{"earlyMat":1,"rad":1,"seedOut":1}}
PASS  [chromium · file] B7 · keyboard presets (1–9) work; no page error after every interaction
PASS  [chromium · http] B1 · the proof page boots (HTTP at /) with no console error, the generated atlas loaded synchronously, the TEMPORARY PIPELINE PROOF banner shown, and every locked state's canvas pixels == the Node render, byte for byte, in all 7 packs  — {"mism":[],"errs":[],"loaded":11}
PASS  [chromium · http] B2 · no external request (everything 127.0.0.1)
PASS  [chromium · subpath] B1 · the proof page boots (HTTP under the /bloom/ GitHub Pages subpath) with no console error, the generated atlas loaded synchronously, the TEMPORARY PIPELINE PROOF banner shown, and every locked state's canvas pixels == the Node render, byte for byte, in all 7 packs  — {"mism":[],"errs":[],"loaded":11}
PASS  [chromium · subpath] B2 · no external request (everything 127.0.0.1)
PASS  [firefox · file] B1 · the proof page boots (double-clicked file://) with no console error, the generated atlas loaded synchronously, the TEMPORARY PIPELINE PROOF banner shown, and every locked state's canvas pixels == the Node render, byte for byte, in all 7 packs  — {"mism":[],"errs":[],"loaded":0}
PASS  [firefox · file] B2 · no external request (everything file:)
PASS  [firefox · file] B3 · the SAME organism at every production placement: one 84×98 canvas with the identical pixel signature, shown at whole-number nearest-neighbour scales — native 1×, Adapt/Spread/Region 1024 → 2×, 1280 → 3×, 1440 → 3×, Field Journal → 3× (+ a 4× zoom)  — ["native:84×98","room1024:168×196","room1280:252×294","room1440:252×294","journal:252×294","zoom4:336×392"]
PASS  [firefox · file] B4 · Preview (Cold Tolerance → T1) shows the ghost / outline in every pack; cancelling restores the current pixels EXACTLY
PASS  [firefox · file] B5 · Purchase (visual only): GROW and DISSOLVE animate in every pack and land EXACTLY on the target pixels; reduced motion lands exactly on the target in a single direct swap  — {"grow":{"ok":true,"frames":[38,38,38,38],"style":"grow"},"dissolve":{"ok":true,"frames":[35,35,35,35],"style":"dissolve"},"reduced":{"ok":true,"frames":[1,1,1,1],"style":"reduced"}}
PASS  [firefox · file] B6 · the current production SVG (resources/run-ui/plant-specimen.js, unchanged) is shown beside the packs, fed the same build  — {"sig":"e628b7f3","traits":{"earlyMat":1,"rad":1,"seedOut":1}}
PASS  [firefox · file] B7 · keyboard presets (1–9) work; no page error after every interaction
PASS  [firefox · http] B1 · the proof page boots (HTTP at /) with no console error, the generated atlas loaded synchronously, the TEMPORARY PIPELINE PROOF banner shown, and every locked state's canvas pixels == the Node render, byte for byte, in all 7 packs  — {"mism":[],"errs":[],"loaded":11}
PASS  [firefox · http] B2 · no external request (everything 127.0.0.1)
PASS  [firefox · subpath] B1 · the proof page boots (HTTP under the /bloom/ GitHub Pages subpath) with no console error, the generated atlas loaded synchronously, the TEMPORARY PIPELINE PROOF banner shown, and every locked state's canvas pixels == the Node render, byte for byte, in all 7 packs  — {"mism":[],"errs":[],"loaded":11}
PASS  [firefox · subpath] B2 · no external request (everything 127.0.0.1)

OK — 59/59 checks passed (26 s)
