# Node
PASS  N1 · the branch starts from the accepted BLOOM-029A baseline 57c73f8 (not origin/main)  — HEAD cd0fbe2 · 3 commit(s) since 57c73f8
PASS  N2 · the canonical surface (BLOOM.surface) is pure (no randomness, DOM, clock, sim), frozen, a classic script that publishes ONE instance even when loaded twice, and planet-texture.js imports it  — 198 lines · version, palette, stipplesFor, surfacePlanet, surfaceTiles, surfaceSignature, paintSurface, lightWater, wrapsX, skyOf
PASS  N3 · no duplicated terrain palette or terrain algorithm: the sphere texture (planet-texture.js) and the production map (run-map-renderer.js) both paint BLOOM.surface; neither has colour stops, a ground tint, water colours or stipple rules of its own  — planet-texture.js → SURFACE.paintSurface · run-map-renderer.js → surface.paintSurface (the old 2D palette now lives only in the migration-only legacy shell)
PASS  N3b · the legacy shell (and its own map palette) is marked migration-only in the run page, to be retired by BLOOM-029E  — demo-run.html header comment
PASS  N4 · the exact same generated planet gives the same canonical surface from the run adapter's source (sim layout) and from PlanetSphereView's texture path: equal signatures, identical pixels at the texture's 8×6 px per tile  — ocean_archipelago:28 · desert_world:17 · frozen_world:11 · desert_world:22 · frozen_world:4: signatures 5/5, 1728000 channel values, 0 differ
PASS  N5 · cylinder seam: rotating a generated world by 30 columns rotates its canonical surface pixel for pixel (coast, shallows, grain, waves, dunes, frost) — the cut x = W − 1 → 0 is drawn exactly like any interior column pair  — 5 worlds · 800 pixel rows · 0 rows differ · periods {"water":6,"dune":10,"frost":10,"grain":10}
PASS  N6 · untouched: generator, topology, sim, validators, content, planets, PlanetSphereView (public API, interaction, projection), the survey, menu, transition and training layer; planet-texture.js keeps exactly its exports  — planet-texture exports DEFAULT_TEXTURE_WIDTH,WATER_DEFAULT,baseTileColors,drawPlanetTexture,regionAtUV,seamStats,stipplesFor,texturePlanet,textureSignature,textureSize,tileCenterUV,uvToLonLat,uvToTile,wrapsX
PASS  N7 · the Planet View and the map renderer read no page global (only the adapter they are handed), roll no dice; no Concept 18 mockup file, region, placeholder node or price is in any 029B addition; the adapter still owns no rules (api 1, the same 10 events)  — scanned for 31 mockup names · adapter reads added: surface, mapState, effects, runMenu · action runAction
# chromium
PASS  [chromium] B1 · without &ui=18 the run is the legacy shell exactly (no production view, its own map drawn, its anchors in place)  — {"pv":false,"ui18":false,"header":"flex","canvas":true,"adapter":1,"anchors":[1,1,1,1]}
PASS  [chromium] B2 · &ui=18 mounts the production Planet View over the SAME run: one sim (adapter ticks / Biomass = BLOOM_API's after advancing), the legacy shell hidden  — {"mounted":true,"legacyHidden":true,"wrap":true,"sameSim":true,"sameBio":true,"pvCount":1,"cv":"block"}
PASS  [chromium] B3 · the HUD reads adapter truth: Biomass, coverage + win threshold, sky (now), state, speed, message line  — {"bio":true,"cov":true,"goal":true,"sky":true,"state":"PAUSED","speed":true,"log":true,"names":true}
PASS  [chromium] B4 · the Planet View's base is the canonical surface of the run's authoritative planet: the sim's tilemap, the archetype's render hints, painted by BLOOM.surface (the map's surface canvas = a fresh canonical paint)  — {"tilemap":true,"render":true,"surface":true,"startSig":"09d8f471","sigNow":"09d8f471","texture8x6":"96023cd9","planetId":"proc_580988495","sky":{"temperature":8,"moisture":54},"startSky":{"temperature":8,"moisture":54}}
PASS  [chromium] B5 · ONE surface, two presentations: PlanetSphereView's texture for ocean 28 = the run's canonical surface painted at the texture's 8×6 px per tile (same planet id, same surface signature, same pixel hash)  — sphere proc_580988495 480×240 96023cd9 sig 09d8f471 · run proc_580988495 96023cd9 sig 09d8f471
PASS  [chromium] B6 · live overlays come from mapState: every full living stand is drawn green over the surface; a placed Biomass bubble is a gold coin on the map  — {"liveTiles":40,"green":40,"gold":[242,179,36],"bubble":true}
PASS  [chromium] B7 · a map click selects the real region under it (adapter selection = the tilemap's region, bloom:region-select carries its id and the clicked canonical tile, the banner names it)  — tile 84 → {"index":10,"id":"sec_10","name":"Green Span","water":false} · event {"index":10,"id":"sec_10","name":"Green Span","previous":"sec_6","water":false,"tile":84}
PASS  [chromium] B8 · cylinder: the stage shows 3 copies; a click on the left repeated copy (copy −1) and on the right one (+1) selects the SAME canonical region as copy 0 (x mod W)  — left tile 1434 copy0 12 copy−1 12 (want 12) · right tile 605 copy+1 -1 (want -1) · hitTest [true,true]
PASS  [chromium] B9 · Pause / speed leave the selection and banner alone; the banner's X deselects (banner gone); a water click deselects  — {"s1":10,"s2":{"sel":10,"banner":true},"s3":{"sel":-1,"banner":false},"water":-1,"bW":true}
PASS  [chromium] B29a · a physical LAND click emits bloom:region-select with the exact canonical tile (not −1) and selects that tile's region; clicking it AGAIN deselects (event: the same tile, previous = that region); a WATER click deselects with water:true and the real water tile; detail shape unchanged  — {"tile":84,"a1":{"index":10,"id":"sec_10","name":"Green Span","previous":null,"water":false,"tile":84},"a2":{"index":-1,"id":null,"name":null,"previous":"sec_10","water":false,"tile":84},"w2":{"index":-1,"id":null,"name":null,"previous":"sec_10","water":true,"tile":80}}
PASS  [chromium] B29b · repeated cylinder copies: a click on the left copy (−1) emits the SAME canonical tile as the centre copy and toggles the same region (centre selects → left copy deselects → left copy selects again); a right-copy (+1) water click emits the canonical water tile  — {"left":1434,"c0":{"index":12,"id":"sec_12","name":"Mire Basin","previous":null,"water":false,"tile":1434},"cL":{"index":-1,"id":null,"name":null,"previous":"sec_12","water":false,"tile":1434},"cL2":{"index":12,"id":"sec_12","name":"Mire Basin","previous":null,"water":false,"tile":1434},"rightWater":60,"rW":{"index":-1,"id":null,"name":null,"previous":"sec_12","water":true,"tile":60},"rW0":{"index":-1,"id":null,"name":null,"previous":null,"water":true,"tile":60}}
PASS  [chromium] B29c · abstract choices keep tile −1: keyboard Enter on the map's region focus and actions.selectRegion(); selectRegion is idempotent (a second call: still selected, no event); selectTile refuses a non-tile  — {"kb":{"index":6,"id":"sec_6","name":"Gold Flats","previous":null,"water":false,"tile":-1},"ab":{"r1":true,"r2":true,"n1":1,"n2":1,"sel":10,"tile":-1,"bad":true}}
PASS  [chromium] B10 · Pause / Resume and speed are the real adapter actions: bloom:play-pause, bloom:speed, exactly 1× → 2× → 4× → 1×  — {"run1":true,"run2":false,"sp":[[2,"2×"],[4,"4×"],[1,"1×"],[2,"2×"]],"ev":["play-pause:{\"running\":true}","play-pause:{\"running\":false}","speed:{\"speed\":2}","speed:{\"speed\":4}","speed:{\"speed\":1}","speed:{\"speed\":2}"]}
PASS  [chromium] B11 · Map View: exactly five choices; hover previews, leaving returns to the committed view; keyboard focus / ↓ previews; a click commits and the popover STAYS open  — {"choices":["Plants / Normal","Temperature","Water","Soil","Hazard"],"hov":"Temperature","left":null,"foc":"Water","kb":["Soil","Soil"],"com":{"lens":"Temperature","lensPreview":null,"lensOpen":true,"menuOpen":false,"hover":-1,"focus":-1,"selection":10,"banner":true,"scenarioOpen":false,"layerShown":"Temperature"}}
PASS  [chromium] B12 · the Temperature layer colours every region by its REAL Temperature condition (adapter.region().conditions lamp: green / yellow / red), over the canonical surface  — {"ok":15,"bad":[],"kinds":{"yellow":6,"green":8,"red":1}}
PASS  [chromium] B13 · the popover closes on an outside click (the committed layer stays), on Escape (focus back to Map View) and on the tool toggle  — {"out":false,"esc":[false,"mapview"],"tog":false}
PASS  [chromium] B14 · the banner shows the real region: name, colony status, limiting factor (key + the page's words) and the four condition readings / statuses from adapter.region()  — {"name":true,"colony":true,"limiting":true,"notOk":["Temperature:Strained"]}
PASS  [chromium] B15 · Temperature / Water / Soil / Hazard keep four distinct category colours whatever their status (a blocked region and an all-OK region show the same four); status is a separate icon + word badge  — Temperature=rgb(217, 96, 31) · Water=rgb(59, 143, 208) · Soil=rgb(138, 106, 62) · Hazard=rgb(138, 91, 184) · Temperature:Strained
PASS  [chromium] B16 · "Would help" = adapter.wouldHelp(region) exactly (real previews), and the banner's buttons are intrinsic-width (no flex-grow, no clipping)  — {"help":["cold","warm"],"wh":["cold","warm"],"buttons":3}
PASS  [chromium] B17 · the Region / Adapt / Spread / Terraform rooms are not built: their tool buttons are marked unavailable and a request says so through the room seam, touching nothing (no mock room)  — {"toast":"Adapt arrives in BLOOM-029C. This development view has the Planet View only; open the run without &ui=18 for every control.","st":["region:unavailable","adapt:unavailable","spread:unavailable","terraform:unavailable"],"after":[6,false,10],"rooms":[false,false,false,false]}
PASS  [chromium] B18 · no Concept 18 file is requested, no request leaves the local server, no console error  — 21 requests
PASS  [chromium] B27 · keyboard: arrow keys move the map's region focus, Enter selects it, Escape clears; hovering a "Would help" button previews it silently (adapter.previewOf: no bloom:upgrade-preview, no shell preview)  — {"f0":6,"f1":12,"s1":12,"s2":-1,"pv":{"events":0,"active":null}}
PASS  [chromium] B28 · the origin's growth focus (Roots) and local upgrade (Root Network) draw its colony badge; after buying waterSeeds, real crossing events are animated on the map (effects().crossings)  — {"r":{"local":true,"cross":"waterSeeds"},"seen":1,"st":{"last":{"crossings":1,"bubbles":2,"labels":15,"badges":1},"fx":1,"focus":"roots","local":"rootNetwork"}}
PASS  [chromium] B19 · authored First Bloom stays a rectangle: drawn once, centred in the frame (no repeat, no invented ocean)  — {"wrap":false,"copies":1,"W":60}
PASS  [chromium] B20 · pressure: the compact scenario card shows the adapter's live values; dead ground is drawn from mapState  — {"label":"pressure","visible":true,"ok":true,"dead":3,"deadPx":[159,123,106]}
PASS  [chromium] B20b · pressure: no console error  — none
PASS  [chromium] B20 · competition: the compact scenario card shows the adapter's live values; native stands are violet + hatched, fronts amber  — {"label":"competition","visible":true,"ok":true,"natPx":[113,71,153],"frontPx":[224,130,11]}
PASS  [chromium] B20b · competition: no console error  — none
PASS  [chromium] B20 · climate: the compact scenario card shows the adapter's live values  — {"label":"climate","visible":true,"ok":true}
PASS  [chromium] B20b · climate: no console error  — none
PASS  [chromium] B21 · training in the production view: starts PAUSED (Pause shows Resume, pressed), every re-homed anchor resolves to ONE production element (12), the shell keeps the rest, one bloom:run-ready {training:true}, the training menu lists Restart · Skip · Main menu  — {"paused":true,"pressed":true,"label":"Resume","anchors":["biomass","coverage","sky","play-pause","speed","run-menu","map","message-log","inspect","readout","limiting-factor","colony-status"],"missing":[],"legacyKept":true,"ready":[{"planetId":"training_grounds","kind":"authored","training":true,"running":false}],"menu":["restartTraining","skipTraining","mainMenu"]}
PASS  [chromium] B22 · training actions: Resume = the real bloom:play-pause; Restart (production menu → the page's own path) reopens training paused in the production view; Skip leaves for the return page  — {"go":[true,[true]],"after":{"url":"?training=1&ui=18&return=%2Fdemos%2Fmain-menu.html","running":false,"ticks":0},"skip":"/demos/main-menu.html"}
PASS  [chromium] B23 · 1024×768: no horizontal scroll, the HUD's status / tools / clock sit side by side inside the window, the banner fits, every HUD / banner control is at least 44×44 px, the map fills the stage width  — {"scrollX":0,"pvX":0,"hudX":0,"order":true,"banner":true,"small":[],"mapFill":true}
PASS  [chromium] B23 · 1280×800: no horizontal scroll, the HUD's status / tools / clock sit side by side inside the window, the banner fits, every HUD / banner control is at least 44×44 px, the map fills the stage width  — {"scrollX":0,"pvX":0,"hudX":0,"order":true,"banner":true,"small":[],"mapFill":true}
PASS  [chromium] B23 · 1440×900: no horizontal scroll, the HUD's status / tools / clock sit side by side inside the window, the banner fits, every HUD / banner control is at least 44×44 px, the map fills the stage width  — {"scrollX":0,"pvX":0,"hudX":0,"order":true,"banner":true,"small":[],"mapFill":true}
PASS  [chromium] B24 · reduced motion: the view runs no CSS animation (no spend floater, no pulses), map feedback is drawn still  — {"cls":true,"anims":0,"spend":false}
PASS  [chromium] B25 · Destination Survey: all nine globes' textures are the canonical surface of their exact validated worlds, pixel for pixel (the survey itself is unchanged: destination-survey-check)  — {"n":9,"same":9,"ids":["proc_203714949","proc_3686267479","proc_2429333239","proc_790005138","proc_1075411786","proc_2854110400","proc_478539643","proc_473307405","proc_3735203530"]}
PASS  [chromium] B25b · survey page: no console error  — none
PASS  [chromium] B26 · over file:// the production view boots (the surface, renderer and view are classic scripts)  — ok
# firefox
PASS  [firefox] B1 · without &ui=18 the run is the legacy shell exactly (no production view, its own map drawn, its anchors in place)  — {"pv":false,"ui18":false,"header":"flex","canvas":true,"adapter":1,"anchors":[1,1,1,1]}
PASS  [firefox] B2 · &ui=18 mounts the production Planet View over the SAME run: one sim (adapter ticks / Biomass = BLOOM_API's after advancing), the legacy shell hidden  — {"mounted":true,"legacyHidden":true,"wrap":true,"sameSim":true,"sameBio":true,"pvCount":1,"cv":"block"}
PASS  [firefox] B3 · the HUD reads adapter truth: Biomass, coverage + win threshold, sky (now), state, speed, message line  — {"bio":true,"cov":true,"goal":true,"sky":true,"state":"PAUSED","speed":true,"log":true,"names":true}
PASS  [firefox] B4 · the Planet View's base is the canonical surface of the run's authoritative planet: the sim's tilemap, the archetype's render hints, painted by BLOOM.surface (the map's surface canvas = a fresh canonical paint)  — {"tilemap":true,"render":true,"surface":true,"startSig":"09d8f471","sigNow":"09d8f471","texture8x6":"96023cd9","planetId":"proc_580988495","sky":{"temperature":8,"moisture":54},"startSky":{"temperature":8,"moisture":54}}
PASS  [firefox] B5 · ONE surface, two presentations: PlanetSphereView's texture for ocean 28 = the run's canonical surface painted at the texture's 8×6 px per tile (same planet id, same surface signature, same pixel hash)  — sphere proc_580988495 480×240 96023cd9 sig 09d8f471 · run proc_580988495 96023cd9 sig 09d8f471
PASS  [firefox] B6 · live overlays come from mapState: every full living stand is drawn green over the surface; a placed Biomass bubble is a gold coin on the map  — {"liveTiles":40,"green":40,"gold":[242,179,36],"bubble":true}
PASS  [firefox] B7 · a map click selects the real region under it (adapter selection = the tilemap's region, bloom:region-select carries its id and the clicked canonical tile, the banner names it)  — tile 84 → {"index":10,"id":"sec_10","name":"Green Span","water":false} · event {"index":10,"id":"sec_10","name":"Green Span","previous":"sec_6","water":false,"tile":84}
PASS  [firefox] B8 · cylinder: the stage shows 3 copies; a click on the left repeated copy (copy −1) and on the right one (+1) selects the SAME canonical region as copy 0 (x mod W)  — left tile 1434 copy0 12 copy−1 12 (want 12) · right tile 605 copy+1 -1 (want -1) · hitTest [true,true]
PASS  [firefox] B9 · Pause / speed leave the selection and banner alone; the banner's X deselects (banner gone); a water click deselects  — {"s1":10,"s2":{"sel":10,"banner":true},"s3":{"sel":-1,"banner":false},"water":-1,"bW":true}
PASS  [firefox] B29a · a physical LAND click emits bloom:region-select with the exact canonical tile (not −1) and selects that tile's region; clicking it AGAIN deselects (event: the same tile, previous = that region); a WATER click deselects with water:true and the real water tile; detail shape unchanged  — {"tile":84,"a1":{"index":10,"id":"sec_10","name":"Green Span","previous":null,"water":false,"tile":84},"a2":{"index":-1,"id":null,"name":null,"previous":"sec_10","water":false,"tile":84},"w2":{"index":-1,"id":null,"name":null,"previous":"sec_10","water":true,"tile":80}}
PASS  [firefox] B29b · repeated cylinder copies: a click on the left copy (−1) emits the SAME canonical tile as the centre copy and toggles the same region (centre selects → left copy deselects → left copy selects again); a right-copy (+1) water click emits the canonical water tile  — {"left":1434,"c0":{"index":12,"id":"sec_12","name":"Mire Basin","previous":null,"water":false,"tile":1434},"cL":{"index":-1,"id":null,"name":null,"previous":"sec_12","water":false,"tile":1434},"cL2":{"index":12,"id":"sec_12","name":"Mire Basin","previous":null,"water":false,"tile":1434},"rightWater":60,"rW":{"index":-1,"id":null,"name":null,"previous":"sec_12","water":true,"tile":60},"rW0":{"index":-1,"id":null,"name":null,"previous":null,"water":true,"tile":60}}
PASS  [firefox] B29c · abstract choices keep tile −1: keyboard Enter on the map's region focus and actions.selectRegion(); selectRegion is idempotent (a second call: still selected, no event); selectTile refuses a non-tile  — {"kb":{"index":6,"id":"sec_6","name":"Gold Flats","previous":null,"water":false,"tile":-1},"ab":{"r1":true,"r2":true,"n1":1,"n2":1,"sel":10,"tile":-1,"bad":true}}
PASS  [firefox] B10 · Pause / Resume and speed are the real adapter actions: bloom:play-pause, bloom:speed, exactly 1× → 2× → 4× → 1×  — {"run1":true,"run2":false,"sp":[[2,"2×"],[4,"4×"],[1,"1×"],[2,"2×"]],"ev":["play-pause:{\"running\":true}","play-pause:{\"running\":false}","speed:{\"speed\":2}","speed:{\"speed\":4}","speed:{\"speed\":1}","speed:{\"speed\":2}"]}
PASS  [firefox] B11 · Map View: exactly five choices; hover previews, leaving returns to the committed view; keyboard focus / ↓ previews; a click commits and the popover STAYS open  — {"choices":["Plants / Normal","Temperature","Water","Soil","Hazard"],"hov":"Temperature","left":null,"foc":"Water","kb":["Soil","Soil"],"com":{"lens":"Temperature","lensPreview":null,"lensOpen":true,"menuOpen":false,"hover":-1,"focus":-1,"selection":10,"banner":true,"scenarioOpen":false,"layerShown":"Temperature"}}
PASS  [firefox] B12 · the Temperature layer colours every region by its REAL Temperature condition (adapter.region().conditions lamp: green / yellow / red), over the canonical surface  — {"ok":15,"bad":[],"kinds":{"yellow":6,"green":8,"red":1}}
PASS  [firefox] B13 · the popover closes on an outside click (the committed layer stays), on Escape (focus back to Map View) and on the tool toggle  — {"out":false,"esc":[false,"mapview"],"tog":false}
PASS  [firefox] B14 · the banner shows the real region: name, colony status, limiting factor (key + the page's words) and the four condition readings / statuses from adapter.region()  — {"name":true,"colony":true,"limiting":true,"notOk":["Temperature:Strained"]}
PASS  [firefox] B15 · Temperature / Water / Soil / Hazard keep four distinct category colours whatever their status (a blocked region and an all-OK region show the same four); status is a separate icon + word badge  — Temperature=rgb(217, 96, 31) · Water=rgb(59, 143, 208) · Soil=rgb(138, 106, 62) · Hazard=rgb(138, 91, 184) · Temperature:Strained
PASS  [firefox] B16 · "Would help" = adapter.wouldHelp(region) exactly (real previews), and the banner's buttons are intrinsic-width (no flex-grow, no clipping)  — {"help":["cold","warm"],"wh":["cold","warm"],"buttons":3}
PASS  [firefox] B17 · the Region / Adapt / Spread / Terraform rooms are not built: their tool buttons are marked unavailable and a request says so through the room seam, touching nothing (no mock room)  — {"toast":"Adapt arrives in BLOOM-029C. This development view has the Planet View only; open the run without &ui=18 for every control.","st":["region:unavailable","adapt:unavailable","spread:unavailable","terraform:unavailable"],"after":[6,false,10],"rooms":[false,false,false,false]}
PASS  [firefox] B18 · no Concept 18 file is requested, no request leaves the local server, no console error  — 21 requests
PASS  [firefox] B27 · keyboard: arrow keys move the map's region focus, Enter selects it, Escape clears; hovering a "Would help" button previews it silently (adapter.previewOf: no bloom:upgrade-preview, no shell preview)  — {"f0":6,"f1":12,"s1":12,"s2":-1,"pv":{"events":0,"active":null}}
PASS  [firefox] B28 · the origin's growth focus (Roots) and local upgrade (Root Network) draw its colony badge; after buying waterSeeds, real crossing events are animated on the map (effects().crossings)  — {"r":{"local":true,"cross":"waterSeeds"},"seen":1,"st":{"last":{"crossings":1,"bubbles":3,"labels":15,"badges":1},"fx":1,"focus":"roots","local":"rootNetwork"}}
PASS  [firefox] B19 · authored First Bloom stays a rectangle: drawn once, centred in the frame (no repeat, no invented ocean)  — {"wrap":false,"copies":1,"W":60}
PASS  [firefox] B20 · pressure: the compact scenario card shows the adapter's live values; dead ground is drawn from mapState  — {"label":"pressure","visible":true,"ok":true,"dead":14,"deadPx":[158,124,107]}
PASS  [firefox] B20b · pressure: no console error  — none
PASS  [firefox] B20 · competition: the compact scenario card shows the adapter's live values; native stands are violet + hatched, fronts amber  — {"label":"competition","visible":true,"ok":true,"natPx":[114,72,153],"frontPx":[224,130,11]}
PASS  [firefox] B20b · competition: no console error  — none
PASS  [firefox] B20 · climate: the compact scenario card shows the adapter's live values  — {"label":"climate","visible":true,"ok":true}
PASS  [firefox] B20b · climate: no console error  — none
PASS  [firefox] B21 · training in the production view: starts PAUSED (Pause shows Resume, pressed), every re-homed anchor resolves to ONE production element (12), the shell keeps the rest, one bloom:run-ready {training:true}, the training menu lists Restart · Skip · Main menu  — {"paused":true,"pressed":true,"label":"Resume","anchors":["biomass","coverage","sky","play-pause","speed","run-menu","map","message-log","inspect","readout","limiting-factor","colony-status"],"missing":[],"legacyKept":true,"ready":[{"planetId":"training_grounds","kind":"authored","training":true,"running":false}],"menu":["restartTraining","skipTraining","mainMenu"]}
PASS  [firefox] B22 · training actions: Resume = the real bloom:play-pause; Restart (production menu → the page's own path) reopens training paused in the production view; Skip leaves for the return page  — {"go":[true,[true]],"after":{"url":"?training=1&ui=18&return=%2Fdemos%2Fmain-menu.html","running":false,"ticks":0},"skip":"/demos/main-menu.html"}
PASS  [firefox] B23 · 1280×800: no horizontal scroll, the HUD's status / tools / clock sit side by side inside the window, the banner fits, every HUD / banner control is at least 44×44 px, the map fills the stage width  — {"scrollX":0,"pvX":0,"hudX":0,"order":true,"banner":true,"small":[],"mapFill":true}
INFO  evidence written to docs/evidence/bloom-029b/

ALL CHECKS PASS  (66.2 s)
