# Node — scope
PASS  S1 · 032B1 starts from the exact accepted BLOOM-031 production main bba000f  — {"firstParent":"bba000f","originMain":"bba000f"}
PASS  S2 · no gameplay / production file changed: all 118 files under resources/, content/, planets/, demos/, index.html and dist/ at bba000f are byte-identical (incl. resources/run-ui/plant-specimen.js and content/traits.js); 032B1 only ADDS art/plant/, resources/plant-visual/, resources/plant-sprite-lab/, the proof page, its build + check tools, docs (and two npm scripts)  — {"prodDiff":[],"outside":[]}
PASS  S3 · the 032A lab is reference only: handoff/bloom-032a-review is still c561a34, none of its files is in 032B1, and the 032A lab's production files (plant-specimen.js etc.) stay untouched  — {"lab":"c561a34","overlap":[]}
PASS  S4 · npm --prefix tools run build:plant-art / check:plant-art exist; no new dependency (the plant build uses Node built-ins only)  — {"build:portable":"node build-portable.mjs","check:portable":"node build-portable.mjs --check","build:plant-art":"node build-plant-art.mjs","check:plant-art":"node build-plant-art.mjs --check"}
# Node — source art + build
PASS  A1–A3 · source art is real PNG atlases + JSON metadata (proof, proof-angular, proof-round); all parse; every sprite / mask rect is inside its image; every anchor and attachment point lies inside its rect; every pack is labelled TEMPORARY PIPELINE PROOF — NOT FINAL ART  — {"info":{"proof":{"image":"128×97","bytes":1550,"sprites":16,"status":"TEMPORARY PIPELINE PROOF — NOT FINAL ART"},"proof-angular":{"image":"128×104","bytes":1500,"sprites":16,"status":"TEMPORARY PIPELINE PROOF — NOT FINAL ART"},"proof-round":{"image":"128×99","bytes":1429,"sprites":16,"status":"TEMPORARY PIPELINE PROOF — NOT FINAL ART"}},"bad":[]}
PASS  A5 · the machine-readable schema accepts all 3 packs and the annotated example entries, and rejects a malformed pack (18 errors)  — {"errs":{},"ex":[]}
PASS  A4 · the build validator enforces the art contract: an untouched copy builds, and each of 11 broken-art cases is rejected with its specific error  — {"off-palette pixel":"rejected","partial alpha":"rejected","rect out of bounds":"rejected","overlapping rects":"rejected","anchor outside rect":"rejected","missing angle variant":"rejected","stray pixel":"rejected","sprite clips at a socket (body plan moved)":"rejected","metadata disagrees with contract":"rejected","id convention":"rejected","unknown mask":"rejected"}
PASS  D1 · the build is deterministic: two in-process builds and two separate CLI runs into fresh directories give byte-identical files  — resources/plant-visual/generated/plant-atlas.js, resources/plant-visual/generated/plant-atlas-manifest.json
PASS  D2 · committed generated output == a clean rebuild (npm --prefix tools run check:plant-art exits 0)  — a2ba4bc48110376d
PASS  D3 · no timestamp, absolute path, user or machine name in the generated output
PASS  D4 · no sprite is authored in JS: the hand-written runtime (model, selector, compositor, FX, page) contains no pixel strings or pixel data; the only pixels are in the GENERATED file, which is a byte-exact build of the PNGs; every runtime sprite id comes from an atlas.json  — {"offenders":[],"sprites":16}
# Node — renderer
PASS  R1 · ONE canonical plant canvas: every build, pack and condition renders at 84×98  — 84×98
PASS  R2 · trait rule separation: the model maps real traits to visual axes (cold T2 → compact 2 + frost 2 …), the selector maps axes to component ids, and the compositor / FX name no trait, tier rule, price or BLOOM_DATA; tiers beyond the golden slice are held + reported; traits without art are reported as pending  — {"named":[],"pricey":false,"complex":["flower","frost.collar","frost.tuft","leaf.succulent","root.storage","seed.drift","seedHead.large","seedHead.small"]}
PASS  R3 · all seven golden-slice states (BASE, COLD T2, DROUGHT T2, RADIATION, SEED OUTPUT T2, EARLY MATURITY, COMPLEX) are distinct organisms in every pack: each differs from BASE by ≥ 40 px and from every other state by ≥ 20 px  — {"proof":{"distinct":7,"fromBase":{"cold2":741,"drought2":552,"rad":237,"seed2":318,"early":123,"complex":1230},"minPair":123},"proof-angular":{"distinct":7,"fromBase":{"cold2":686,"drought2":540,"rad":217,"seed2":298,"early":108,"complex":1182},"minPair":108},"proof-round":{"distinct":7,"fromBase":{"cold2":766,"drought2":602,"rad":610,"seed2":337,"early":146,"complex":1323},"minPair":146}}
PASS  R4 · the COMPLEX build (Cold T2 + Drought T2 + Radiation + Seed Output T2 + Early Maturity) composes every component with no pixel clipped, in every pack, thriving and strained (and held tiers T3); the build's static proof places every sprite at every socket it can attach to inside the canvas  — {"clips":[],"placements":35}
PASS  R5 · the skeleton chooses placement: every sprite's anchor pixel lands exactly on its body-plan socket; the manifest's per-socket size budget (38 sockets) is the renderer's own socket table  — {"off":[]}
PASS  R6 · swapping only the art pack (proof / proof-angular / proof-round) re-skins every state — same components on the same sockets (surface details ride on each pack's own leaf points), entirely different pixels — with no renderer change  — []
PASS  R7 · Radiation is a pure surface treatment (recolour shade-for-shade, no pixel added or moved) applied through each sprite's authored pigment MASK (the proof pack masks only the leaf base); strain steps every leaf to the next lower AUTHORED angle variant (no rotation)  — {"recoloured":237,"leafPx":220,"leafLeftGreen":98}
# Node — preview + FX
PASS  F1 · GHOST / OUTLINE preview shows the proposed change (ghosted new pixels, thinned removals, a traced outline) without mutating the current frame — cancel = repaint the unchanged current frame, exactly  — 12 previews
PASS  F2 · GROW and DISSOLVE start on the current frame, pass through genuine in-between frames that touch ONLY the changed pixels, and end EXACTLY on the target frame (every pack, structural, surface and reproductive mutations)  — {"proof:base→cold2":{"diff":741,"previewDiffers":true,"curIntact":true,"anchors":33,"grow":{"exact":true,"mid":true,"start":true,"leak":0},"dissolve":{"exact":true,"mid":true,"start":true,"leak":0}},"proof-angular:base→cold2":{"diff":686,"previewDiffers":true,"curIntact":true,"anchors":33,"grow":{"exact":true,"mid":true,"start":true,"leak":0},"dissolve":{"exact":true,"mid":true,"start":true,"leak":0}},"proof-round:base→cold2":{"diff":766,"previewDiffers":true,"curIntact":true,"anchors":33,"grow":{"exact":true,"mid":true,"start":true,"leak":0},"dissolve":{"exact":true,"mid":true,"start":true,"leak":0}},"proof:base→rad":{"diff":237,"previewDiffers":true,"curIntact":true,"anchors":1,"grow":{"exact":true,"mid":true,"start":true,"leak":0},"dissolve":{"exact":true,"mid":true,"start":true,"leak":0}}}
PASS  F3 · reduced motion = a short direct swap: exactly one frame, the target; the animated path plays ≥ 20 frames and also ends on the target  — {"reduced":{"style":"reduced","frames":1,"ms":0},"animated":{"frames":39,"ms":624}}
PASS  G1 · no trait / mechanic change: BLOOM_DATA.traits and config are identical after every render, preview and purchase
PASS  H1 · docs ARTIST_HANDOFF covers all 17 contract points (canvas, pixel format, transparency, palette, rect, anchor, layers, orientations, naming, trait/tier, categories, masks, sockets, size budget, angles, build, adding sprites) and its socket table matches the generated manifest  — {"hs":[],"missing":[],"comps":[]}
PASS  P1 · portable contract: the generated atlas and pipeline are classic scripts with no fetch / image decode / dynamic import (synchronous over file://); the GitHub Pages site build (tools/build-pages-site.mjs, unchanged) ships them automatically under resources/; and esbuild — the portable runtime's bundler — bundles them as plain imports with the identical atlas  — {"bundled":true}
PASS  [chromium · file] B1 · the proof page boots (double-clicked file://) with no console error, the generated atlas loaded synchronously, the TEMPORARY PIPELINE PROOF banner shown, and every golden-slice state's canvas pixels == the Node render, byte for byte, in all 3 packs  — {"mism":[],"errs":[],"loaded":11}
PASS  [chromium · file] B2 · no external request (everything file:)
PASS  [chromium · file] B3 · the SAME organism at every production placement: one 84×98 canvas with the identical pixel signature, shown at whole-number nearest-neighbour scales — native 1×, Adapt/Spread/Region 1024 → 2×, 1280 → 3×, 1440 → 3×, Field Journal → 3× (+ a 4× zoom)  — ["native:84×98","room1024:168×196","room1280:252×294","room1440:252×294","journal:252×294","zoom4:336×392"]
PASS  [chromium · file] B4 · Preview (Cold Tolerance → T1) shows the ghost / outline in every pack; cancelling restores the current pixels EXACTLY
PASS  [chromium · file] B5 · Purchase (visual only): GROW and DISSOLVE animate in every pack and land EXACTLY on the target pixels; reduced motion lands exactly on the target in a single direct swap  — {"grow":{"ok":true,"frames":[39,39,39],"style":"grow"},"dissolve":{"ok":true,"frames":[34,34,35],"style":"dissolve"},"reduced":{"ok":true,"frames":[1,1,1],"style":"reduced"}}
PASS  [chromium · file] B6 · the current production SVG (resources/run-ui/plant-specimen.js, unchanged) is shown beside the packs, fed the same build  — {"sig":"e628b7f3","traits":{"earlyMat":1,"rad":1,"seedOut":1}}
PASS  [chromium · file] B7 · keyboard presets (1–7) work; no page error after every interaction
PASS  [chromium · http] B1 · the proof page boots (HTTP at /) with no console error, the generated atlas loaded synchronously, the TEMPORARY PIPELINE PROOF banner shown, and every golden-slice state's canvas pixels == the Node render, byte for byte, in all 3 packs  — {"mism":[],"errs":[],"loaded":11}
PASS  [chromium · http] B2 · no external request (everything 127.0.0.1)
PASS  [chromium · subpath] B1 · the proof page boots (HTTP under the /bloom/ GitHub Pages subpath) with no console error, the generated atlas loaded synchronously, the TEMPORARY PIPELINE PROOF banner shown, and every golden-slice state's canvas pixels == the Node render, byte for byte, in all 3 packs  — {"mism":[],"errs":[],"loaded":11}
PASS  [chromium · subpath] B2 · no external request (everything 127.0.0.1)
PASS  [firefox · file] B1 · the proof page boots (double-clicked file://) with no console error, the generated atlas loaded synchronously, the TEMPORARY PIPELINE PROOF banner shown, and every golden-slice state's canvas pixels == the Node render, byte for byte, in all 3 packs  — {"mism":[],"errs":[],"loaded":0}
PASS  [firefox · file] B2 · no external request (everything file:)
PASS  [firefox · file] B3 · the SAME organism at every production placement: one 84×98 canvas with the identical pixel signature, shown at whole-number nearest-neighbour scales — native 1×, Adapt/Spread/Region 1024 → 2×, 1280 → 3×, 1440 → 3×, Field Journal → 3× (+ a 4× zoom)  — ["native:84×98","room1024:168×196","room1280:252×294","room1440:252×294","journal:252×294","zoom4:336×392"]
PASS  [firefox · file] B4 · Preview (Cold Tolerance → T1) shows the ghost / outline in every pack; cancelling restores the current pixels EXACTLY
PASS  [firefox · file] B5 · Purchase (visual only): GROW and DISSOLVE animate in every pack and land EXACTLY on the target pixels; reduced motion lands exactly on the target in a single direct swap  — {"grow":{"ok":true,"frames":[39,39,39],"style":"grow"},"dissolve":{"ok":true,"frames":[35,35,35],"style":"dissolve"},"reduced":{"ok":true,"frames":[1,1,1],"style":"reduced"}}
PASS  [firefox · file] B6 · the current production SVG (resources/run-ui/plant-specimen.js, unchanged) is shown beside the packs, fed the same build  — {"sig":"e628b7f3","traits":{"earlyMat":1,"rad":1,"seedOut":1}}
PASS  [firefox · file] B7 · keyboard presets (1–7) work; no page error after every interaction
PASS  [firefox · http] B1 · the proof page boots (HTTP at /) with no console error, the generated atlas loaded synchronously, the TEMPORARY PIPELINE PROOF banner shown, and every golden-slice state's canvas pixels == the Node render, byte for byte, in all 3 packs  — {"mism":[],"errs":[],"loaded":11}
PASS  [firefox · http] B2 · no external request (everything 127.0.0.1)
PASS  [firefox · subpath] B1 · the proof page boots (HTTP under the /bloom/ GitHub Pages subpath) with no console error, the generated atlas loaded synchronously, the TEMPORARY PIPELINE PROOF banner shown, and every golden-slice state's canvas pixels == the Node render, byte for byte, in all 3 packs  — {"mism":[],"errs":[],"loaded":11}
PASS  [firefox · subpath] B2 · no external request (everything 127.0.0.1)

OK — 46/46 checks passed (18 s)
