
# chromium 147.0.7727.15
PASS  [chromium] L1 390×844 · four cards in ROLE order (Organic Hybrid first with "Recommended first expedition"); every specialist shows strengths AND weaknesses and is marked TEMPORARY PROOF ART; Woolly Candle's radiation chip is the latent one; no star / Easy / Hard / score words; four distinct specimens at a whole-number scale; the development-build note  — organic_hybrid ×2 organic-hybrid/oh-stem@1 ↑2↓2 · cinder_rosette ×2 proof-cinder-rosette/rosette@1 ↑2↓2 · woolly_candle ×2 proof-woolly-candle/candle@1 ↑2↓1 · reed_spire ×2 proof-reed-spire/reed@1 ↑2↓1
PASS  [chromium] L2 390×844 · each dossier: focus on its heading, two range bars (temperature, moisture) + seven two-part rows, the primary "Survey for <name>" fully VISIBLE in the viewport (pinned at the bottom of the phone sheet) with contrast ≥ 4.5 : 1, proof art labelled, Woolly Candle's radiation marked latent; no horizontal overflow  — organic_hybrid 5.61:1 · cinder_rosette 5.61:1 · woolly_candle 5.61:1 · reed_spire 5.61:1 · overflow {"doc":true,"ss":true,"w":390,"sw":390,"ssw":390}
PASS  [chromium] L3 390×844 · no console error / page error  — clean
PASS  [chromium] L1 1024×768 · four cards in ROLE order (Organic Hybrid first with "Recommended first expedition"); every specialist shows strengths AND weaknesses and is marked TEMPORARY PROOF ART; Woolly Candle's radiation chip is the latent one; no star / Easy / Hard / score words; four distinct specimens at a whole-number scale; the development-build note  — organic_hybrid ×2 organic-hybrid/oh-stem@1 ↑2↓2 · cinder_rosette ×2 proof-cinder-rosette/rosette@1 ↑2↓2 · woolly_candle ×2 proof-woolly-candle/candle@1 ↑2↓1 · reed_spire ×2 proof-reed-spire/reed@1 ↑2↓1
PASS  [chromium] L2 1024×768 · each dossier: focus on its heading, two range bars (temperature, moisture) + seven two-part rows, the primary "Survey for <name>" fully VISIBLE in the viewport with contrast ≥ 4.5 : 1, proof art labelled, Woolly Candle's radiation marked latent; no horizontal overflow  — organic_hybrid 5.61:1 · cinder_rosette 5.61:1 · woolly_candle 5.61:1 · reed_spire 5.61:1 · overflow {"doc":true,"ss":true,"w":1024,"sw":1024,"ssw":1024}
PASS  [chromium] L3 1024×768 · no console error / page error  — clean
PASS  [chromium] L1 1440×900 · four cards in ROLE order (Organic Hybrid first with "Recommended first expedition"); every specialist shows strengths AND weaknesses and is marked TEMPORARY PROOF ART; Woolly Candle's radiation chip is the latent one; no star / Easy / Hard / score words; four distinct specimens at a whole-number scale; the development-build note  — organic_hybrid ×3 organic-hybrid/oh-stem@1 ↑2↓2 · cinder_rosette ×3 proof-cinder-rosette/rosette@1 ↑2↓2 · woolly_candle ×3 proof-woolly-candle/candle@1 ↑2↓1 · reed_spire ×3 proof-reed-spire/reed@1 ↑2↓1
PASS  [chromium] L2 1440×900 · each dossier: focus on its heading, two range bars (temperature, moisture) + seven two-part rows, the primary "Survey for <name>" fully VISIBLE in the viewport with contrast ≥ 4.5 : 1, proof art labelled, Woolly Candle's radiation marked latent; no horizontal overflow  — organic_hybrid 5.61:1 · cinder_rosette 5.61:1 · woolly_candle 5.61:1 · reed_spire 5.61:1 · overflow {"doc":true,"ss":true,"w":1440,"sw":1440,"ssw":1440}
PASS  [chromium] L3 1440×900 · no console error / page error  — clean
PASS  [chromium] L1 2560×1440 · four cards in ROLE order (Organic Hybrid first with "Recommended first expedition"); every specialist shows strengths AND weaknesses and is marked TEMPORARY PROOF ART; Woolly Candle's radiation chip is the latent one; no star / Easy / Hard / score words; four distinct specimens at a whole-number scale; the development-build note  — organic_hybrid ×3 organic-hybrid/oh-stem@1 ↑2↓2 · cinder_rosette ×3 proof-cinder-rosette/rosette@1 ↑2↓2 · woolly_candle ×3 proof-woolly-candle/candle@1 ↑2↓1 · reed_spire ×3 proof-reed-spire/reed@1 ↑2↓1
PASS  [chromium] L2 2560×1440 · each dossier: focus on its heading, two range bars (temperature, moisture) + seven two-part rows, the primary "Survey for <name>" fully VISIBLE in the viewport with contrast ≥ 4.5 : 1, proof art labelled, Woolly Candle's radiation marked latent; no horizontal overflow  — organic_hybrid 5.61:1 · cinder_rosette 5.61:1 · woolly_candle 5.61:1 · reed_spire 5.61:1 · overflow {"doc":true,"ss":true,"w":2560,"sw":2560,"ssw":2560}
PASS  [chromium] L3 2560×1440 · no console error / page error  — clean
PASS  [chromium] K1/R1 · keyboard: the selected card is the radiogroup's one tab stop with a visible focus ring; ← → Home End move (and wrap) with aria-checked; Enter opens the dossier; Escape closes it (focus back on its card); Escape again returns to the title — reduced motion: no animation runs  — organic_hybrid/true/cards/3px solid/a0 → cinder_rosette/true/cards/3px solid/a0 → reed_spire/true/cards/3px solid/a0 → organic_hybrid/true/cards/3px solid/a0 → reed_spire/true/cards/3px solid/a0 → -/-/dossier/3px none/a0 → reed_spire/true/cards/3px solid/a0 → menu · tab stops 0-1-1-1
PASS  [chromium] K2 · no console error  — clean
PASS  [chromium] F1 · EXPEDITION → Choose Plant Species → "Survey for Woolly Candle" → the Destination Survey FOR Woolly Candle (header chip + Change; nine worlds classified for it)  — sector 77 · favorable,precarious,extreme,favorable,precarious,extreme,favorable,precarious,extreme
PASS  [chromium] F2 · Change Species: back on the species screen (Woolly Candle still selected), then "Survey for Reed Spire" — the SAME sector seed 77 and the SAME pool (its physical cache), the nine worlds now classified for Reed Spire  — favorable,precarious,extreme,favorable,precarious,extreme,favorable,precarious,extreme · cache {"physicalHits":9,"physicalMisses":39,"evaluationHits":0,"evaluationMisses":9} · 7 worlds evaluated for both
PASS  [chromium] F3 · species-specific classes: a world evaluated for both species keeps ONE physical key / fingerprint while its class is per species  — 7 shared worlds, same class for both
PASS  [chromium] F4 · Begin Expedition: the run's planet IS the selected planet (same object, fingerprint recomputed in Node) and the run's species IS the canonical Reed Spire object (sim.species, the adapter, the expedition provenance)  — e19d0c65e374a206 · reed_spire/p1#c2acca04 · specimen packs proof-reed-spire
PASS  [chromium] F5 · the rooms' specimen is the run species' body plan + pack (Reed Spire's temporary proof pack, behind the flag only)  — proof-reed-spire
PASS  [chromium] F6 · the report names the species (Reed Spire)  — {"species":"reed_spire","cap":"Your plant, as it bloomedReed Spire · the unmodified pioneer","packs":["proof-reed-spire"]}
PASS  [chromium] F7 · Play Again: a fresh session on the SAME planet object with the SAME species object  — {"planetSame":true,"speciesSame":true,"sessions":2,"ev":["reed_spire"]}
PASS  [chromium] F8 · Choose another planet: a survey for the SAME species (Reed Spire)  — {"species":"reed_spire","chip":"Reed Spire","cells":true}
PASS  [chromium] F9 · Main menu → title; EXPEDITION re-opens the species screen on the last species chosen this session  — reed_spire
PASS  [chromium] F10 · Training is Organic Hybrid even after Reed Spire was chosen  — {"species":"organic_hybrid","sim":"organic_hybrid","packs":["organic-hybrid"]}
PASS  [chromium] F11 · the flag flow: no console error / page error  — clean
PASS  [chromium] P1 · file:// OFFLINE (the portable runtime): the flag flow (species → Cinder Rosette survey → Begin) reaches a run with the exact planet AND the exact species; no network request  — cinder_rosette/p1#4bcba029 · d1bdbd1fe348df1f · outside 0
PASS  [chromium] H1 · HTTP /bloom/ (the Pages site): the flag flow (species → Cinder Rosette survey → Begin) reaches a run with the exact planet AND the exact species; every request under /bloom/  — cinder_rosette/p1#4bcba029 · 7f3f84e8f36b39d3 · outside 0
PASS  [chromium] N1 · WITHOUT ?species=1 the production flow is unchanged: EXPEDITION → the Organic Hybrid survey (no species screen, no species chip, no candidate name anywhere), the run is Organic Hybrid, the species module is never requested, Settings has no species / developer control  — {"flow":false,"screen":false,"chip":false,"hab":false,"species":"organic_hybrid","cells":true,"text":"Main menu\nSTRANGE · run organic_hybrid · packs organic-hybrid · species-select requests 0

# firefox 148.0.2
PASS  [firefox] L1 390×844 · four cards in ROLE order (Organic Hybrid first with "Recommended first expedition"); every specialist shows strengths AND weaknesses and is marked TEMPORARY PROOF ART; Woolly Candle's radiation chip is the latent one; no star / Easy / Hard / score words; four distinct specimens at a whole-number scale; the development-build note  — organic_hybrid ×2 organic-hybrid/oh-stem@1 ↑2↓2 · cinder_rosette ×2 proof-cinder-rosette/rosette@1 ↑2↓2 · woolly_candle ×2 proof-woolly-candle/candle@1 ↑2↓1 · reed_spire ×2 proof-reed-spire/reed@1 ↑2↓1
PASS  [firefox] L2 390×844 · each dossier: focus on its heading, two range bars (temperature, moisture) + seven two-part rows, the primary "Survey for <name>" fully VISIBLE in the viewport (pinned at the bottom of the phone sheet) with contrast ≥ 4.5 : 1, proof art labelled, Woolly Candle's radiation marked latent; no horizontal overflow  — organic_hybrid 5.61:1 · cinder_rosette 5.61:1 · woolly_candle 5.61:1 · reed_spire 5.61:1 · overflow {"doc":true,"ss":true,"w":390,"sw":390,"ssw":390}
PASS  [firefox] L3 390×844 · no console error / page error  — clean
PASS  [firefox] L1 1024×768 · four cards in ROLE order (Organic Hybrid first with "Recommended first expedition"); every specialist shows strengths AND weaknesses and is marked TEMPORARY PROOF ART; Woolly Candle's radiation chip is the latent one; no star / Easy / Hard / score words; four distinct specimens at a whole-number scale; the development-build note  — organic_hybrid ×2 organic-hybrid/oh-stem@1 ↑2↓2 · cinder_rosette ×2 proof-cinder-rosette/rosette@1 ↑2↓2 · woolly_candle ×2 proof-woolly-candle/candle@1 ↑2↓1 · reed_spire ×2 proof-reed-spire/reed@1 ↑2↓1
PASS  [firefox] L2 1024×768 · each dossier: focus on its heading, two range bars (temperature, moisture) + seven two-part rows, the primary "Survey for <name>" fully VISIBLE in the viewport with contrast ≥ 4.5 : 1, proof art labelled, Woolly Candle's radiation marked latent; no horizontal overflow  — organic_hybrid 5.61:1 · cinder_rosette 5.61:1 · woolly_candle 5.61:1 · reed_spire 5.61:1 · overflow {"doc":true,"ss":true,"w":1024,"sw":1024,"ssw":1024}
PASS  [firefox] L3 1024×768 · no console error / page error  — clean
PASS  [firefox] L1 1440×900 · four cards in ROLE order (Organic Hybrid first with "Recommended first expedition"); every specialist shows strengths AND weaknesses and is marked TEMPORARY PROOF ART; Woolly Candle's radiation chip is the latent one; no star / Easy / Hard / score words; four distinct specimens at a whole-number scale; the development-build note  — organic_hybrid ×3 organic-hybrid/oh-stem@1 ↑2↓2 · cinder_rosette ×3 proof-cinder-rosette/rosette@1 ↑2↓2 · woolly_candle ×3 proof-woolly-candle/candle@1 ↑2↓1 · reed_spire ×3 proof-reed-spire/reed@1 ↑2↓1
PASS  [firefox] L2 1440×900 · each dossier: focus on its heading, two range bars (temperature, moisture) + seven two-part rows, the primary "Survey for <name>" fully VISIBLE in the viewport with contrast ≥ 4.5 : 1, proof art labelled, Woolly Candle's radiation marked latent; no horizontal overflow  — organic_hybrid 5.61:1 · cinder_rosette 5.61:1 · woolly_candle 5.61:1 · reed_spire 5.61:1 · overflow {"doc":true,"ss":true,"w":1440,"sw":1440,"ssw":1440}
PASS  [firefox] L3 1440×900 · no console error / page error  — clean
PASS  [firefox] L1 2560×1440 · four cards in ROLE order (Organic Hybrid first with "Recommended first expedition"); every specialist shows strengths AND weaknesses and is marked TEMPORARY PROOF ART; Woolly Candle's radiation chip is the latent one; no star / Easy / Hard / score words; four distinct specimens at a whole-number scale; the development-build note  — organic_hybrid ×3 organic-hybrid/oh-stem@1 ↑2↓2 · cinder_rosette ×3 proof-cinder-rosette/rosette@1 ↑2↓2 · woolly_candle ×3 proof-woolly-candle/candle@1 ↑2↓1 · reed_spire ×3 proof-reed-spire/reed@1 ↑2↓1
PASS  [firefox] L2 2560×1440 · each dossier: focus on its heading, two range bars (temperature, moisture) + seven two-part rows, the primary "Survey for <name>" fully VISIBLE in the viewport with contrast ≥ 4.5 : 1, proof art labelled, Woolly Candle's radiation marked latent; no horizontal overflow  — organic_hybrid 5.61:1 · cinder_rosette 5.61:1 · woolly_candle 5.61:1 · reed_spire 5.61:1 · overflow {"doc":true,"ss":true,"w":2560,"sw":2560,"ssw":2560}
PASS  [firefox] L3 2560×1440 · no console error / page error  — clean
PASS  [firefox] K1/R1 · keyboard: the selected card is the radiogroup's one tab stop with a visible focus ring; ← → Home End move (and wrap) with aria-checked; Enter opens the dossier; Escape closes it (focus back on its card); Escape again returns to the title — reduced motion: no animation runs  — organic_hybrid/true/cards/3px solid/a0 → cinder_rosette/true/cards/3px solid/a0 → reed_spire/true/cards/3px solid/a0 → organic_hybrid/true/cards/3px solid/a0 → reed_spire/true/cards/3px solid/a0 → -/-/dossier/3px none/a0 → reed_spire/true/cards/3px solid/a0 → menu · tab stops 0-1-1-1
PASS  [firefox] K2 · no console error  — clean
PASS  [firefox] F1 · EXPEDITION → Choose Plant Species → "Survey for Woolly Candle" → the Destination Survey FOR Woolly Candle (header chip + Change; nine worlds classified for it)  — sector 77 · favorable,precarious,extreme,favorable,precarious,extreme,favorable,precarious,extreme
PASS  [firefox] F2 · Change Species: back on the species screen (Woolly Candle still selected), then "Survey for Reed Spire" — the SAME sector seed 77 and the SAME pool (its physical cache), the nine worlds now classified for Reed Spire  — favorable,precarious,extreme,favorable,precarious,extreme,favorable,precarious,extreme · cache {"physicalHits":9,"physicalMisses":35,"evaluationHits":0,"evaluationMisses":9} · 7 worlds evaluated for both
PASS  [firefox] F3 · species-specific classes: a world evaluated for both species keeps ONE physical key / fingerprint while its class is per species  — 7 shared worlds, same class for both
PASS  [firefox] F4 · Begin Expedition: the run's planet IS the selected planet (same object, fingerprint recomputed in Node) and the run's species IS the canonical Reed Spire object (sim.species, the adapter, the expedition provenance)  — e19d0c65e374a206 · reed_spire/p1#c2acca04 · specimen packs proof-reed-spire
PASS  [firefox] F5 · the rooms' specimen is the run species' body plan + pack (Reed Spire's temporary proof pack, behind the flag only)  — proof-reed-spire
PASS  [firefox] F6 · the report names the species (Reed Spire)  — {"species":"reed_spire","cap":"Your plant, as it bloomedReed Spire · the unmodified pioneer","packs":["proof-reed-spire"]}
PASS  [firefox] F7 · Play Again: a fresh session on the SAME planet object with the SAME species object  — {"planetSame":true,"speciesSame":true,"sessions":2,"ev":["reed_spire"]}
PASS  [firefox] F8 · Choose another planet: a survey for the SAME species (Reed Spire)  — {"species":"reed_spire","chip":"Reed Spire","cells":true}
PASS  [firefox] F9 · Main menu → title; EXPEDITION re-opens the species screen on the last species chosen this session  — reed_spire
PASS  [firefox] F10 · Training is Organic Hybrid even after Reed Spire was chosen  — {"species":"organic_hybrid","sim":"organic_hybrid","packs":["organic-hybrid"]}
PASS  [firefox] F11 · the flag flow: no console error / page error  — clean
PASS  [firefox] P1 · file:// OFFLINE (the portable runtime): the flag flow (species → Cinder Rosette survey → Begin) reaches a run with the exact planet AND the exact species; no network request  — cinder_rosette/p1#4bcba029 · 7f3f84e8f36b39d3 · outside 0
PASS  [firefox] H1 · HTTP /bloom/ (the Pages site): the flag flow (species → Cinder Rosette survey → Begin) reaches a run with the exact planet AND the exact species; every request under /bloom/  — cinder_rosette/p1#4bcba029 · d1bdbd1fe348df1f · outside 0
PASS  [firefox] N1 · WITHOUT ?species=1 the production flow is unchanged: EXPEDITION → the Organic Hybrid survey (no species screen, no species chip, no candidate name anywhere), the run is Organic Hybrid, the species module is never requested, Settings has no species / developer control  — {"flow":false,"screen":false,"chip":false,"hab":false,"species":"organic_hybrid","cells":true,"text":"Main menu\nSTRANGE · run organic_hybrid · packs organic-hybrid · species-select requests 0

ALL CHECKS PASS (56/56) (185 s)
